Archive member included to satisfy reference by file (symbol)

c:/program files (x86)/atollic/truestudio for stm32 9.0.1/armtools/bin/../lib/gcc/arm-atollic-eabi/6.3.1/../../../../arm-atollic-eabi/lib/armv7e-m/fpu/fpv5-d16\libc_nano.a(lib_a-init.o)
                              startup\startup_stm32f767xx.o (__libc_init_array)
c:/program files (x86)/atollic/truestudio for stm32 9.0.1/armtools/bin/../lib/gcc/arm-atollic-eabi/6.3.1/../../../../arm-atollic-eabi/lib/armv7e-m/fpu/fpv5-d16\libc_nano.a(lib_a-memcpy-stub.o)
                              Src\GUI_control.o (memcpy)
c:/program files (x86)/atollic/truestudio for stm32 9.0.1/armtools/bin/../lib/gcc/arm-atollic-eabi/6.3.1/../../../../arm-atollic-eabi/lib/armv7e-m/fpu/fpv5-d16\libc_nano.a(lib_a-nano-vfprintf_float.o)
                              (_printf_float)
c:/program files (x86)/atollic/truestudio for stm32 9.0.1/armtools/bin/../lib/gcc/arm-atollic-eabi/6.3.1/../../../../arm-atollic-eabi/lib/armv7e-m/fpu/fpv5-d16\libc_nano.a(lib_a-nano-vfprintf_i.o)
                              c:/program files (x86)/atollic/truestudio for stm32 9.0.1/armtools/bin/../lib/gcc/arm-atollic-eabi/6.3.1/../../../../arm-atollic-eabi/lib/armv7e-m/fpu/fpv5-d16\libc_nano.a(lib_a-nano-vfprintf_float.o) (_printf_common)
c:/program files (x86)/atollic/truestudio for stm32 9.0.1/armtools/bin/../lib/gcc/arm-atollic-eabi/6.3.1/../../../../arm-atollic-eabi/lib/armv7e-m/fpu/fpv5-d16\libc_nano.a(lib_a-printf.o)
                              Drivers\STM32F7xx_HAL_Driver\Src\stm32f7xx_hal_spi.o (printf)
c:/program files (x86)/atollic/truestudio for stm32 9.0.1/armtools/bin/../lib/gcc/arm-atollic-eabi/6.3.1/../../../../arm-atollic-eabi/lib/armv7e-m/fpu/fpv5-d16\libc_nano.a(lib_a-puts.o)
                              Drivers\STM32F7xx_HAL_Driver\Src\stm32f7xx_hal_spi.o (puts)
c:/program files (x86)/atollic/truestudio for stm32 9.0.1/armtools/bin/../lib/gcc/arm-atollic-eabi/6.3.1/../../../../arm-atollic-eabi/lib/armv7e-m/fpu/fpv5-d16\libc_nano.a(lib_a-reent.o)
                              Src\syscalls.o (errno)
c:/program files (x86)/atollic/truestudio for stm32 9.0.1/armtools/bin/../lib/gcc/arm-atollic-eabi/6.3.1/../../../../arm-atollic-eabi/lib/armv7e-m/fpu/fpv5-d16\libc_nano.a(lib_a-snprintf.o)
                              Src\display.o (snprintf)
c:/program files (x86)/atollic/truestudio for stm32 9.0.1/armtools/bin/../lib/gcc/arm-atollic-eabi/6.3.1/../../../../arm-atollic-eabi/lib/armv7e-m/fpu/fpv5-d16\libc_nano.a(lib_a-sprintf.o)
                              Src\display.o (sprintf)
c:/program files (x86)/atollic/truestudio for stm32 9.0.1/armtools/bin/../lib/gcc/arm-atollic-eabi/6.3.1/../../../../arm-atollic-eabi/lib/armv7e-m/fpu/fpv5-d16\libc_nano.a(lib_a-strcpy.o)
                              Src\GUI_control.o (strcpy)
c:/program files (x86)/atollic/truestudio for stm32 9.0.1/armtools/bin/../lib/gcc/arm-atollic-eabi/6.3.1/../../../../arm-atollic-eabi/lib/armv7e-m/fpu/fpv5-d16\libc_nano.a(lib_a-strlen.o)
                              Src\display.o (strlen)
c:/program files (x86)/atollic/truestudio for stm32 9.0.1/armtools/bin/../lib/gcc/arm-atollic-eabi/6.3.1/../../../../arm-atollic-eabi/lib/armv7e-m/fpu/fpv5-d16\libc_nano.a(lib_a-wbuf.o)
                              c:/program files (x86)/atollic/truestudio for stm32 9.0.1/armtools/bin/../lib/gcc/arm-atollic-eabi/6.3.1/../../../../arm-atollic-eabi/lib/armv7e-m/fpu/fpv5-d16\libc_nano.a(lib_a-puts.o) (__swbuf_r)
c:/program files (x86)/atollic/truestudio for stm32 9.0.1/armtools/bin/../lib/gcc/arm-atollic-eabi/6.3.1/../../../../arm-atollic-eabi/lib/armv7e-m/fpu/fpv5-d16\libc_nano.a(lib_a-wsetup.o)
                              c:/program files (x86)/atollic/truestudio for stm32 9.0.1/armtools/bin/../lib/gcc/arm-atollic-eabi/6.3.1/../../../../arm-atollic-eabi/lib/armv7e-m/fpu/fpv5-d16\libc_nano.a(lib_a-puts.o) (__swsetup_r)
c:/program files (x86)/atollic/truestudio for stm32 9.0.1/armtools/bin/../lib/gcc/arm-atollic-eabi/6.3.1/../../../../arm-atollic-eabi/lib/armv7e-m/fpu/fpv5-d16\libc_nano.a(lib_a-dtoa.o)
                              c:/program files (x86)/atollic/truestudio for stm32 9.0.1/armtools/bin/../lib/gcc/arm-atollic-eabi/6.3.1/../../../../arm-atollic-eabi/lib/armv7e-m/fpu/fpv5-d16\libc_nano.a(lib_a-nano-vfprintf_float.o) (_dtoa_r)
c:/program files (x86)/atollic/truestudio for stm32 9.0.1/armtools/bin/../lib/gcc/arm-atollic-eabi/6.3.1/../../../../arm-atollic-eabi/lib/armv7e-m/fpu/fpv5-d16\libc_nano.a(lib_a-fflush.o)
                              c:/program files (x86)/atollic/truestudio for stm32 9.0.1/armtools/bin/../lib/gcc/arm-atollic-eabi/6.3.1/../../../../arm-atollic-eabi/lib/armv7e-m/fpu/fpv5-d16\libc_nano.a(lib_a-wbuf.o) (_fflush_r)
c:/program files (x86)/atollic/truestudio for stm32 9.0.1/armtools/bin/../lib/gcc/arm-atollic-eabi/6.3.1/../../../../arm-atollic-eabi/lib/armv7e-m/fpu/fpv5-d16\libc_nano.a(lib_a-findfp.o)
[...]
Memory Configuration

Name             Origin             Length             Attributes
RAM              0x20000000         0x00080000         xrw
FLASH            0x08000000         0x00200000         xr
*default*        0x00000000         0xffffffff

Linker script and memory map

LOAD c:/program files (x86)/atollic/truestudio for stm32 9.0.1/armtools/bin/../lib/gcc/arm-atollic-eabi/6.3.1/armv7e-m/fpu/fpv5-d16/crti.o
LOAD c:/program files (x86)/atollic/truestudio for stm32 9.0.1/armtools/bin/../lib/gcc/arm-atollic-eabi/6.3.1/armv7e-m/fpu/fpv5-d16/crtbegin.o
LOAD Drivers\STM32F7xx_HAL_Driver\Src\stm32f7xx_hal.o
LOAD Drivers\STM32F7xx_HAL_Driver\Src\stm32f7xx_hal_cortex.o
LOAD Drivers\STM32F7xx_HAL_Driver\Src\stm32f7xx_hal_dma.o
LOAD Drivers\STM32F7xx_HAL_Driver\Src\stm32f7xx_hal_dma_ex.o
LOAD Drivers\STM32F7xx_HAL_Driver\Src\stm32f7xx_hal_flash.o
LOAD Drivers\STM32F7xx_HAL_Driver\Src\stm32f7xx_hal_flash_ex.o
LOAD Drivers\STM32F7xx_HAL_Driver\Src\stm32f7xx_hal_gpio.o
LOAD Drivers\STM32F7xx_HAL_Driver\Src\stm32f7xx_hal_i2c.o
LOAD Drivers\STM32F7xx_HAL_Driver\Src\stm32f7xx_hal_i2c_ex.o
LOAD Drivers\STM32F7xx_HAL_Driver\Src\stm32f7xx_hal_pcd.o
LOAD Drivers\STM32F7xx_HAL_Driver\Src\stm32f7xx_hal_pcd_ex.o
LOAD Drivers\STM32F7xx_HAL_Driver\Src\stm32f7xx_hal_pwr.o
LOAD Drivers\STM32F7xx_HAL_Driver\Src\stm32f7xx_hal_pwr_ex.o
LOAD Drivers\STM32F7xx_HAL_Driver\Src\stm32f7xx_hal_rcc.o
LOAD Drivers\STM32F7xx_HAL_Driver\Src\stm32f7xx_hal_rcc_ex.o
LOAD Drivers\STM32F7xx_HAL_Driver\Src\stm32f7xx_hal_sai.o
LOAD Drivers\STM32F7xx_HAL_Driver\Src\stm32f7xx_hal_sai_ex.o
LOAD Drivers\STM32F7xx_HAL_Driver\Src\stm32f7xx_hal_spi.o
LOAD Drivers\STM32F7xx_HAL_Driver\Src\stm32f7xx_hal_tim.o
LOAD Drivers\STM32F7xx_HAL_Driver\Src\stm32f7xx_hal_tim_ex.o
LOAD Drivers\STM32F7xx_HAL_Driver\Src\stm32f7xx_hal_uart.o
LOAD Drivers\STM32F7xx_HAL_Driver\Src\stm32f7xx_ll_usb.o
LOAD Src\GUI_control.o
LOAD Src\com_stack.o
LOAD Src\display.o
LOAD Src\dsp_control.o
LOAD Src\events.o
LOAD Src\main.o
LOAD Src\stm32f7xx_hal_msp.o
LOAD Src\stm32f7xx_it.o
LOAD Src\syscalls.o
LOAD Src\system_stm32f7xx.o
LOAD Src\tuner.o
LOAD startup\startup_stm32f767xx.o
                0x00000080                malloc_getpagesize_P = 0x80
START GROUP
LOAD c:/program files (x86)/atollic/truestudio for stm32 9.0.1/armtools/bin/../lib/gcc/arm-atollic-eabi/6.3.1/../../../../arm-atollic-eabi/lib/armv7e-m/fpu/fpv5-d16\libc_nano.a
LOAD c:/program files (x86)/atollic/truestudio for stm32 9.0.1/armtools/bin/../lib/gcc/arm-atollic-eabi/6.3.1/../../../../arm-atollic-eabi/lib/armv7e-m/fpu/fpv5-d16\libm.a
END GROUP
START GROUP
LOAD c:/program files (x86)/atollic/truestudio for stm32 9.0.1/armtools/bin/../lib/gcc/arm-atollic-eabi/6.3.1/armv7e-m/fpu/fpv5-d16\libgcc.a
LOAD c:/program files (x86)/atollic/truestudio for stm32 9.0.1/armtools/bin/../lib/gcc/arm-atollic-eabi/6.3.1/../../../../arm-atollic-eabi/lib/armv7e-m/fpu/fpv5-d16\libc_nano.a
END GROUP
START GROUP
LOAD c:/program files (x86)/atollic/truestudio for stm32 9.0.1/armtools/bin/../lib/gcc/arm-atollic-eabi/6.3.1/armv7e-m/fpu/fpv5-d16\libgcc.a
LOAD c:/program files (x86)/atollic/truestudio for stm32 9.0.1/armtools/bin/../lib/gcc/arm-atollic-eabi/6.3.1/../../../../arm-atollic-eabi/lib/armv7e-m/fpu/fpv5-d16\libc_nano.a
LOAD c:/program files (x86)/atollic/truestudio for stm32 9.0.1/armtools/bin/../lib/gcc/arm-atollic-eabi/6.3.1/../../../../arm-atollic-eabi/lib/armv7e-m/fpu/fpv5-d16\libnosys.a
END GROUP
START GROUP
LOAD c:/program files (x86)/atollic/truestudio for stm32 9.0.1/armtools/bin/../lib/gcc/arm-atollic-eabi/6.3.1/armv7e-m/fpu/fpv5-d16\libgcc.a
LOAD c:/program files (x86)/atollic/truestudio for stm32 9.0.1/armtools/bin/../lib/gcc/arm-atollic-eabi/6.3.1/../../../../arm-atollic-eabi/lib/armv7e-m/fpu/fpv5-d16\libc_nano.a
LOAD c:/program files (x86)/atollic/truestudio for stm32 9.0.1/armtools/bin/../lib/gcc/arm-atollic-eabi/6.3.1/../../../../arm-atollic-eabi/lib/armv7e-m/fpu/fpv5-d16\libnosys.a
END GROUP
LOAD c:/program files (x86)/atollic/truestudio for stm32 9.0.1/armtools/bin/../lib/gcc/arm-atollic-eabi/6.3.1/armv7e-m/fpu/fpv5-d16/crtend.o
LOAD c:/program files (x86)/atollic/truestudio for stm32 9.0.1/armtools/bin/../lib/gcc/arm-atollic-eabi/6.3.1/armv7e-m/fpu/fpv5-d16/crtn.o
                0x20080000                _estack = 0x20080000
                0x00000200                _Min_Heap_Size = 0x200
                0x00000400                _Min_Stack_Size = 0x400

.isr_vector     0x08000000      0x1f8
                0x08000000                . = ALIGN (0x4)
 *(.isr_vector)
 .isr_vector    0x08000000      0x1f8 startup\startup_stm32f767xx.o
                0x08000000                g_pfnVectors
                0x080001f8                . = ALIGN (0x4)

.text           0x08000200     0x8fd4
                0x08000200                . = ALIGN (0x4)
 *(.text)
 .text          0x08000200       0x40 c:/program files (x86)/atollic/truestudio for stm32 9.0.1/armtools/bin/../lib/gcc/arm-atollic-eabi/6.3.1/armv7e-m/fpu/fpv5-d16/crtbegin.o
 .text          0x08000240       0x10 c:/program files (x86)/atollic/truestudio for stm32 9.0.1/armtools/bin/../lib/gcc/arm-atollic-eabi/6.3.1/../../../../arm-atollic-eabi/lib/armv7e-m/fpu/fpv5-d16\libc_nano.a(lib_a-strlen.o)
                0x08000240                strlen
 .text          0x08000250       0xa0 c:/program files (x86)/atollic/truestudio for stm32 9.0.1/armtools/bin/../lib/gcc/arm-atollic-eabi/6.3.1/../../../../arm-atollic-eabi/lib/armv7e-m/fpu/fpv5-d16\libc_nano.a(lib_a-memchr.o)
                0x08000250                memchr
 .text          0x080002f0       0x30 c:/program files (x86)/atollic/truestudio for stm32 9.0.1/armtools/bin/../lib/gcc/arm-atollic-eabi/6.3.1/armv7e-m/fpu/fpv5-d16\libgcc.a(_aeabi_uldivmod.o)
                0x080002f0                __aeabi_uldivmod
 .text          0x08000320      0x2dc c:/program files (x86)/atollic/truestudio for stm32 9.0.1/armtools/bin/../lib/gcc/arm-atollic-eabi/6.3.1/armv7e-m/fpu/fpv5-d16\libgcc.a(_udivmoddi4.o)
                0x08000320                __udivmoddi4
 .text          0x080005fc        0x4 c:/program files (x86)/atollic/truestudio for stm32 9.0.1/armtools/bin/../lib/gcc/arm-atollic-eabi/6.3.1/armv7e-m/fpu/fpv5-d16\libgcc.a(_dvmd_tls.o)
                0x080005fc                __aeabi_idiv0
                0x080005fc                __aeabi_ldiv0
 *(.text*)
 .text.HAL_InitTick
                0x08000600       0x48 Drivers\STM32F7xx_HAL_Driver\Src\stm32f7xx_hal.o
                0x08000600                HAL_InitTick
 .text.HAL_Init
                0x08000648       0x16 Drivers\STM32F7xx_HAL_Driver\Src\stm32f7xx_hal.o
                0x08000648                HAL_Init
 *fill*         0x0800065e        0x2 
 .text.HAL_IncTick
                0x08000660       0x18 Drivers\STM32F7xx_HAL_Driver\Src\stm32f7xx_hal.o
                0x08000660                HAL_IncTick
 .text.HAL_GetTick
                0x08000678        0xc Drivers\STM32F7xx_HAL_Driver\Src\stm32f7xx_hal.o
                0x08000678                HAL_GetTick
 .text.HAL_Delay
                0x08000684       0x24 Drivers\STM32F7xx_HAL_Driver\Src\stm32f7xx_hal.o
                0x08000684                HAL_Delay
 .text.HAL_NVIC_SetPriorityGrouping
                0x080006a8       0x24 Drivers\STM32F7xx_HAL_Driver\Src\stm32f7xx_hal_cortex.o
                0x080006a8                HAL_NVIC_SetPriorityGrouping
 .text.HAL_NVIC_SetPriority
                0x080006cc       0x70 Drivers\STM32F7xx_HAL_Driver\Src\stm32f7xx_hal_cortex.o
                0x080006cc                HAL_NVIC_SetPriority
 .text.HAL_NVIC_EnableIRQ
                0x0800073c       0x18 Drivers\STM32F7xx_HAL_Driver\Src\stm32f7xx_hal_cortex.o
                0x0800073c                HAL_NVIC_EnableIRQ
 .text.HAL_SYSTICK_Config
                0x08000754       0x2c Drivers\STM32F7xx_HAL_Driver\Src\stm32f7xx_hal_cortex.o
                0x08000754                HAL_SYSTICK_Config
 .text.HAL_SYSTICK_CLKSourceConfig
                0x08000780       0x18 Drivers\STM32F7xx_HAL_Driver\Src\stm32f7xx_hal_cortex.o
                0x08000780                HAL_SYSTICK_CLKSourceConfig
 .text.HAL_SYSTICK_Callback
                0x08000798        0x2 Drivers\STM32F7xx_HAL_Driver\Src\stm32f7xx_hal_cortex.o
                0x08000798                HAL_SYSTICK_Callback
 .text.HAL_SYSTICK_IRQHandler
                0x0800079a        0x8 Drivers\STM32F7xx_HAL_Driver\Src\stm32f7xx_hal_cortex.o
                0x0800079a                HAL_SYSTICK_IRQHandler
 *fill*         0x080007a2        0x2 
 .text.DMA_CalcBaseAndBitshift
                0x080007a4       0x2c Drivers\STM32F7xx_HAL_Driver\Src\stm32f7xx_hal_dma.o
 .text.HAL_DMA_Init
                0x080007d0       0xfc Drivers\STM32F7xx_HAL_Driver\Src\stm32f7xx_hal_dma.o
                0x080007d0                HAL_DMA_Init
 .text.HAL_DMA_Abort_IT
                0x080008cc       0x24 Drivers\STM32F7xx_HAL_Driver\Src\stm32f7xx_hal_dma.o
                0x080008cc                HAL_DMA_Abort_IT
 .text.HAL_DMA_IRQHandler
                0x080008f0      0x174 Drivers\STM32F7xx_HAL_Driver\Src\stm32f7xx_hal_dma.o
                0x080008f0                HAL_DMA_IRQHandler
 .text.HAL_GPIO_Init
                0x08000a64      0x1d4 Drivers\STM32F7xx_HAL_Driver\Src\stm32f7xx_hal_gpio.o
                0x08000a64                HAL_GPIO_Init
 .text.HAL_GPIO_ReadPin
                0x08000c38        0xc Drivers\STM32F7xx_HAL_Driver\Src\stm32f7xx_hal_gpio.o
                0x08000c38                HAL_GPIO_ReadPin
 .text.HAL_GPIO_WritePin
                0x08000c44        0xa Drivers\STM32F7xx_HAL_Driver\Src\stm32f7xx_hal_gpio.o
                0x08000c44                HAL_GPIO_WritePin
 *fill*         0x08000c4e        0x2 
 .text.HAL_PWR_EnableBkUpAccess
                0x08000c50       0x10 Drivers\STM32F7xx_HAL_Driver\Src\stm32f7xx_hal_pwr.o
                0x08000c50                HAL_PWR_EnableBkUpAccess
 .text.HAL_PWREx_EnableBkUpReg
                0x08000c60       0x38 Drivers\STM32F7xx_HAL_Driver\Src\stm32f7xx_hal_pwr_ex.o
                0x08000c60                HAL_PWREx_EnableBkUpReg
 .text.HAL_PWREx_EnableOverDrive
                0x08000c98       0x70 Drivers\STM32F7xx_HAL_Driver\Src\stm32f7xx_hal_pwr_ex.o
                0x08000c98                HAL_PWREx_EnableOverDrive
 .text.HAL_RCC_OscConfig
                0x08000d08      0x328 Drivers\STM32F7xx_HAL_Driver\Src\stm32f7xx_hal_rcc.o
                0x08000d08                HAL_RCC_OscConfig
 .text.HAL_RCC_GetSysClockFreq
                0x08001030       0x5c Drivers\STM32F7xx_HAL_Driver\Src\stm32f7xx_hal_rcc.o
                0x08001030                HAL_RCC_GetSysClockFreq
 .text.HAL_RCC_ClockConfig
                0x0800108c      0x13c Drivers\STM32F7xx_HAL_Driver\Src\stm32f7xx_hal_rcc.o
                0x0800108c                HAL_RCC_ClockConfig
 .text.HAL_RCC_GetHCLKFreq
                0x080011c8        0xc Drivers\STM32F7xx_HAL_Driver\Src\stm32f7xx_hal_rcc.o
                0x080011c8                HAL_RCC_GetHCLKFreq
 .text.HAL_RCCEx_PeriphCLKConfig
                0x080011d4      0x55c Drivers\STM32F7xx_HAL_Driver\Src\stm32f7xx_hal_rcc_ex.o
                0x080011d4                HAL_RCCEx_PeriphCLKConfig
 .text.SPI_WaitFifoStateUntilTimeout.part.1
                0x08001730       0x54 Drivers\STM32F7xx_HAL_Driver\Src\stm32f7xx_hal_spi.o
 .text.SPI_WaitFlagStateUntilTimeout.constprop.10
                0x08001784       0x30 Drivers\STM32F7xx_HAL_Driver\Src\stm32f7xx_hal_spi.o
 .text.SPI_WaitFifoStateUntilTimeout.constprop.11
                0x080017b4       0x40 Drivers\STM32F7xx_HAL_Driver\Src\stm32f7xx_hal_spi.o
 .text.SPI_EndRxTxTransaction
                0x080017f4       0x44 Drivers\STM32F7xx_HAL_Driver\Src\stm32f7xx_hal_spi.o
 .text.HAL_SPI_Init
                0x08001838       0xb8 Drivers\STM32F7xx_HAL_Driver\Src\stm32f7xx_hal_spi.o
                0x08001838                HAL_SPI_Init
 .text.HAL_SPI_Transmit
                0x080018f0      0x148 Drivers\STM32F7xx_HAL_Driver\Src\stm32f7xx_hal_spi.o
                0x080018f0                HAL_SPI_Transmit
 .text.HAL_SPI_ErrorCallback
                0x08001a38        0x2 Drivers\STM32F7xx_HAL_Driver\Src\stm32f7xx_hal_spi.o
                0x08001a38                HAL_SPI_ErrorCallback
 *fill*         0x08001a3a        0x2 
 .text.HAL_SPI_IRQHandler
                0x08001a3c       0xf0 Drivers\STM32F7xx_HAL_Driver\Src\stm32f7xx_hal_spi.o
                0x08001a3c                HAL_SPI_IRQHandler
 .text.SPI_DMAAbortOnError
                0x08001b2c       0x12 Drivers\STM32F7xx_HAL_Driver\Src\stm32f7xx_hal_spi.o
 .text.TIM_TI1_ConfigInputStage
                0x08001b3e       0x22 Drivers\STM32F7xx_HAL_Driver\Src\stm32f7xx_hal_tim.o
 .text.TIM_TI2_ConfigInputStage
                0x08001b60       0x24 Drivers\STM32F7xx_HAL_Driver\Src\stm32f7xx_hal_tim.o
 .text.HAL_TIM_Base_Start_IT
                0x08001b84       0x16 Drivers\STM32F7xx_HAL_Driver\Src\stm32f7xx_hal_tim.o
                0x08001b84                HAL_TIM_Base_Start_IT
 .text.HAL_TIM_PeriodElapsedCallback
                0x08001b9a        0x2 Drivers\STM32F7xx_HAL_Driver\Src\stm32f7xx_hal_tim.o
                0x08001b9a                HAL_TIM_PeriodElapsedCallback
 .text.HAL_TIM_OC_DelayElapsedCallback
                0x08001b9c        0x2 Drivers\STM32F7xx_HAL_Driver\Src\stm32f7xx_hal_tim.o
                0x08001b9c                HAL_TIM_OC_DelayElapsedCallback
 .text.HAL_TIM_IC_CaptureCallback
                0x08001b9e        0x2 Drivers\STM32F7xx_HAL_Driver\Src\stm32f7xx_hal_tim.o
                0x08001b9e                HAL_TIM_IC_CaptureCallback
 .text.HAL_TIM_PWM_PulseFinishedCallback
                0x08001ba0        0x2 Drivers\STM32F7xx_HAL_Driver\Src\stm32f7xx_hal_tim.o
                0x08001ba0                HAL_TIM_PWM_PulseFinishedCallback
 .text.HAL_TIM_TriggerCallback
                0x08001ba2        0x2 Drivers\STM32F7xx_HAL_Driver\Src\stm32f7xx_hal_tim.o
                0x08001ba2                HAL_TIM_TriggerCallback
 .text.HAL_TIM_IRQHandler
                0x08001ba4      0x160 Drivers\STM32F7xx_HAL_Driver\Src\stm32f7xx_hal_tim.o
                0x08001ba4                HAL_TIM_IRQHandler
 .text.TIM_Base_SetConfig
                0x08001d04       0xd0 Drivers\STM32F7xx_HAL_Driver\Src\stm32f7xx_hal_tim.o
                0x08001d04                TIM_Base_SetConfig
 .text.HAL_TIM_Base_Init
                0x08001dd4       0x34 Drivers\STM32F7xx_HAL_Driver\Src\stm32f7xx_hal_tim.o
                0x08001dd4                HAL_TIM_Base_Init
 .text.TIM_ETR_SetConfig
                0x08001e08       0x14 Drivers\STM32F7xx_HAL_Driver\Src\stm32f7xx_hal_tim.o
                0x08001e08                TIM_ETR_SetConfig
 .text.HAL_TIM_ConfigClockSource
                0x08001e1c      0x11c Drivers\STM32F7xx_HAL_Driver\Src\stm32f7xx_hal_tim.o
                0x08001e1c                HAL_TIM_ConfigClockSource
 .text.HAL_TIMEx_MasterConfigSynchronization
                0x08001f38       0x4c Drivers\STM32F7xx_HAL_Driver\Src\stm32f7xx_hal_tim_ex.o
                0x08001f38                HAL_TIMEx_MasterConfigSynchronization
 .text.HAL_TIMEx_CommutationCallback
                0x08001f84        0x2 Drivers\STM32F7xx_HAL_Driver\Src\stm32f7xx_hal_tim_ex.o
                0x08001f84                HAL_TIMEx_CommutationCallback
 .text.HAL_TIMEx_BreakCallback
                0x08001f86        0x2 Drivers\STM32F7xx_HAL_Driver\Src\stm32f7xx_hal_tim_ex.o
                0x08001f86                HAL_TIMEx_BreakCallback
 .text.update_encoder_item
                0x08001f88       0x6c Src\GUI_control.o
                0x08001f88                update_encoder_item
 .text.update_encoder_value
                0x08001ff4       0x84 Src\GUI_control.o
                0x08001ff4                update_encoder_value
 .text.update_button_value
                0x08002078       0xb8 Src\GUI_control.o
                0x08002078                update_button_value
 .text.update_active_bits
                0x08002130       0x3c Src\GUI_control.o
                0x08002130                update_active_bits
 .text.init_tuner
                0x0800216c       0x30 Src\GUI_control.o
                0x0800216c                init_tuner
 .text.update_led
                0x0800219c       0x28 Src\GUI_control.o
                0x0800219c                update_led
 .text.toggle_dsp
                0x080021c4       0x44 Src\GUI_control.o
                0x080021c4                toggle_dsp
 .text.vol2logvol
                0x08002208       0x3c Src\GUI_control.o
                0x08002208                vol2logvol
 .text.update_settings
                0x08002244       0x6c Src\GUI_control.o
                0x08002244                update_settings
 .text.update_dsp
                0x080022b0       0x74 Src\GUI_control.o
                0x080022b0                update_dsp
 *fill*         0x08002324        0x4 
 .text.init_settings
                0x08002328      0x140 Src\GUI_control.o
                0x08002328                init_settings
 .text.save_settings_nv
                0x08002468       0x28 Src\GUI_control.o
                0x08002468                save_settings_nv
 .text.update_context
                0x08002490      0x118 Src\GUI_control.o
                0x08002490                update_context
 .text.update_ui_context
                0x080025a8       0x28 Src\GUI_control.o
                0x080025a8                update_ui_context
 .text.init_menu
                0x080025d0      0x790 Src\GUI_control.o
                0x080025d0                init_menu
 .text.deinit_tuner
                0x08002d60       0x34 Src\GUI_control.o
                0x08002d60                deinit_tuner
 .text.toggle_mute
                0x08002d94       0x4c Src\GUI_control.o
                0x08002d94                toggle_mute
 .text.send_update
                0x08002de0       0x4c Src\GUI_control.o
                0x08002de0                send_update
 .text.update_encoder
                0x08002e2c       0x3c Src\GUI_control.o
                0x08002e2c                update_encoder
 .text.update_button
                0x08002e68       0x7c Src\GUI_control.o
                0x08002e68                update_button
 .text.send_command
                0x08002ee4       0x30 Src\display.o
                0x08002ee4                send_command
 .text.send_data
                0x08002f14       0x30 Src\display.o
                0x08002f14                send_data
 .text.send_data16
                0x08002f44       0x3c Src\display.o
                0x08002f44                send_data16
 .text.send_data16rpt
                0x08002f80       0x44 Src\display.o
                0x08002f80                send_data16rpt
 .text.init_display
                0x08002fc4      0x260 Src\display.o
                0x08002fc4                init_display
 .text.set_address
                0x08003224       0x46 Src\display.o
                0x08003224                set_address
 *fill*         0x0800326a        0x2 
 .text.draw_vline
                0x0800326c       0x60 Src\display.o
                0x0800326c                draw_vline
 .text.draw_hline
                0x080032cc       0x5c Src\display.o
                0x080032cc                draw_hline
 .text.draw_rect
                0x08003328       0x4c Src\display.o
                0x08003328                draw_rect
 .text.set_template
                0x08003374      0x128 Src\display.o
                0x08003374                set_template
 .text.draw_char
                0x0800349c       0xb0 Src\display.o
                0x0800349c                draw_char
 .text.write    0x0800354c       0x5c Src\display.o
                0x0800354c                write
 .text.print_static
                0x080035a8       0x7c Src\display.o
                0x080035a8                print_static
 .text.print_num
                0x08003624       0x2a Src\display.o
                0x08003624                print_num
 *fill*         0x0800364e        0x2 
 .text.set_text_size
                0x08003650        0xc Src\display.o
                0x08003650                set_text_size
 .text.set_text_color
                0x0800365c       0x14 Src\display.o
                0x0800365c                set_text_color
 .text.calc_RGB565
                0x08003670       0x26 Src\display.o
                0x08003670                calc_RGB565
 *fill*         0x08003696        0x2 
 .text.LED_set_color
                0x08003698       0x54 Src\display.o
                0x08003698                LED_set_color
 *fill*         0x080036ec        0x4 
 .text.write_bqf_param
                0x080036f0      0x394 Src\dsp_control.o
                0x080036f0                write_bqf_param
 *fill*         0x08003a84        0x4 
 .text.update_chorus
                0x08003a88       0x6c Src\dsp_control.o
                0x08003a88                update_chorus
 *fill*         0x08003af4        0x4 
 .text.update_delay
                0x08003af8       0x84 Src\dsp_control.o
                0x08003af8                update_delay
 *fill*         0x08003b7c        0x4 
 .text.update_overdrive
                0x08003b80      0x104 Src\dsp_control.o
                0x08003b80                update_overdrive
 .text.init_events
                0x08003c84      0x13c Src\events.o
                0x08003c84                init_events
 .text.capture_events
                0x08003dc0      0x134 Src\events.o
                0x08003dc0                capture_events
 .text.evm      0x08003ef4       0xbc Src\events.o
                0x08003ef4                evm
 .text.tuner_handler
                0x08003fb0        0xc Src\events.o
                0x08003fb0                tuner_handler
 .text.SystemClock_Config
                0x08003fbc       0xf4 Src\main.o
                0x08003fbc                SystemClock_Config
 .text.startup.main
                0x080040b0      0x3bc Src\main.o
                0x080040b0                main
 .text._Error_Handler
                0x0800446c       0x10 Src\main.o
                0x0800446c                _Error_Handler
 .text.HAL_MspInit
                0x0800447c       0x8c Src\stm32f7xx_hal_msp.o
                0x0800447c                HAL_MspInit
 .text.HAL_SPI_MspInit
                0x08004508      0x160 Src\stm32f7xx_hal_msp.o
                0x08004508                HAL_SPI_MspInit
 .text.HAL_TIM_Base_MspInit
                0x08004668       0x74 Src\stm32f7xx_hal_msp.o
                0x08004668                HAL_TIM_Base_MspInit
 .text.SysTick_Handler
                0x080046dc        0xe Src\stm32f7xx_it.o
                0x080046dc                SysTick_Handler
 *fill*         0x080046ea        0x2 
 .text.SPI5_IRQHandler
                0x080046ec       0x1c Src\stm32f7xx_it.o
                0x080046ec                SPI5_IRQHandler
 .text.TIM2_IRQHandler
                0x08004708       0x14 Src\stm32f7xx_it.o
                0x08004708                TIM2_IRQHandler
 .text.TIM3_IRQHandler
                0x0800471c       0x14 Src\stm32f7xx_it.o
                0x0800471c                TIM3_IRQHandler
 .text.DMA2_Stream3_IRQHandler
                0x08004730        0xc Src\stm32f7xx_it.o
                0x08004730                DMA2_Stream3_IRQHandler
 .text.DMA2_Stream4_IRQHandler
                0x0800473c        0xc Src\stm32f7xx_it.o
                0x0800473c                DMA2_Stream4_IRQHandler
 .text._write   0x08004748       0x32 Src\syscalls.o
                0x08004748                _write
 *fill*         0x0800477a        0x2 
 .text._sbrk    0x0800477c       0x1c Src\syscalls.o
                0x0800477c                _sbrk
 .text._close   0x08004798       0x10 Src\syscalls.o
                0x08004798                _close
 .text._fstat   0x080047a8       0x10 Src\syscalls.o
                0x080047a8                _fstat
 .text._isatty  0x080047b8       0x10 Src\syscalls.o
                0x080047b8                _isatty
 .text._lseek   0x080047c8       0x10 Src\syscalls.o
                0x080047c8                _lseek
 .text._read    0x080047d8       0x10 Src\syscalls.o
                0x080047d8                _read
 .text.SystemInit
                0x080047e8       0x4c Src\system_stm32f7xx.o
                0x080047e8                SystemInit
 .text.visualize_cent
                0x08004834      0x114 Src\tuner.o
                0x08004834                visualize_cent
 .text.update_note_bins
                0x08004948       0x7c Src\tuner.o
                0x08004948                update_note_bins
 *fill*         0x080049c4        0x4 
 .text.calculate_cent
                0x080049c8       0x30 Src\tuner.o
                0x080049c8                calculate_cent
 .text.find_note_index
                0x080049f8       0x38 Src\tuner.o
                0x080049f8                find_note_index
 .text.calculate_note
                0x08004a30       0x44 Src\tuner.o
                0x08004a30                calculate_note
 .text.update_tuner
                0x08004a74      0x104 Src\tuner.o
                0x08004a74                update_tuner
 .text.Reset_Handler
                0x08004b78       0x50 startup\startup_stm32f767xx.o
                0x08004b78                Reset_Handler
 .text.Default_Handler
                0x08004bc8        0x2 startup\startup_stm32f767xx.o
                0x08004bc8                RTC_Alarm_IRQHandler
                0x08004bc8                EXTI2_IRQHandler
                0x08004bc8                TIM8_CC_IRQHandler
                0x08004bc8                DebugMon_Handler
                0x08004bc8                UART8_IRQHandler
                0x08004bc8                SPI4_IRQHandler
                0x08004bc8                TIM1_CC_IRQHandler
                0x08004bc8                DMA2_Stream5_IRQHandler
                0x08004bc8                HardFault_Handler
                0x08004bc8                JPEG_IRQHandler
                0x08004bc8                DMA1_Stream5_IRQHandler
                0x08004bc8                CAN3_RX1_IRQHandler
                0x08004bc8                PVD_IRQHandler
                0x08004bc8                TAMP_STAMP_IRQHandler
                0x08004bc8                PendSV_Handler
                0x08004bc8                NMI_Handler
                0x08004bc8                CAN2_RX1_IRQHandler
                0x08004bc8                EXTI3_IRQHandler
                0x08004bc8                TIM8_TRG_COM_TIM14_IRQHandler
                0x08004bc8                DFSDM1_FLT1_IRQHandler
                0x08004bc8                TIM1_UP_TIM10_IRQHandler
                0x08004bc8                TIM8_UP_TIM13_IRQHandler
                0x08004bc8                I2C3_ER_IRQHandler
                0x08004bc8                DFSDM1_FLT2_IRQHandler
                0x08004bc8                EXTI0_IRQHandler
                0x08004bc8                I2C2_EV_IRQHandler
                0x08004bc8                DMA1_Stream2_IRQHandler
                0x08004bc8                CAN1_RX0_IRQHandler
                0x08004bc8                FPU_IRQHandler
                0x08004bc8                OTG_HS_WKUP_IRQHandler
                0x08004bc8                CAN3_SCE_IRQHandler
                0x08004bc8                UsageFault_Handler
                0x08004bc8                LTDC_ER_IRQHandler
                0x08004bc8                CAN2_SCE_IRQHandler
                0x08004bc8                DMA2_Stream2_IRQHandler
                0x08004bc8                SPI1_IRQHandler
                0x08004bc8                TIM6_DAC_IRQHandler
                0x08004bc8                TIM1_BRK_TIM9_IRQHandler
                0x08004bc8                DCMI_IRQHandler
                0x08004bc8                CAN2_RX0_IRQHandler
                0x08004bc8                SAI2_IRQHandler
                0x08004bc8                DFSDM1_FLT3_IRQHandler
                0x08004bc8                USART6_IRQHandler
                0x08004bc8                CAN3_RX0_IRQHandler
                0x08004bc8                USART3_IRQHandler
                0x08004bc8                CAN1_RX1_IRQHandler
                0x08004bc8                UART5_IRQHandler
                0x08004bc8                DMA2_Stream0_IRQHandler
                0x08004bc8                TIM4_IRQHandler
                0x08004bc8                QUADSPI_IRQHandler
                0x08004bc8                I2C1_EV_IRQHandler
                0x08004bc8                DMA1_Stream6_IRQHandler
                0x08004bc8                DMA1_Stream1_IRQHandler
                0x08004bc8                UART4_IRQHandler
                0x08004bc8                RCC_IRQHandler
                0x08004bc8                TIM8_BRK_TIM12_IRQHandler
                0x08004bc8                Default_Handler
                0x08004bc8                CEC_IRQHandler
                0x08004bc8                EXTI15_10_IRQHandler
                0x08004bc8                ADC_IRQHandler
                0x08004bc8                DMA1_Stream7_IRQHandler
                0x08004bc8                TIM7_IRQHandler
                0x08004bc8                SDMMC1_IRQHandler
                0x08004bc8                CAN2_TX_IRQHandler
                0x08004bc8                TIM5_IRQHandler
                0x08004bc8                DMA2_Stream7_IRQHandler
                0x08004bc8                I2C3_EV_IRQHandler
                0x08004bc8                EXTI9_5_IRQHandler
                0x08004bc8                RTC_WKUP_IRQHandler
                0x08004bc8                LTDC_IRQHandler
                0x08004bc8                ETH_WKUP_IRQHandler
                0x08004bc8                SPDIF_RX_IRQHandler
                0x08004bc8                SPI2_IRQHandler
                0x08004bc8                OTG_HS_EP1_IN_IRQHandler
                0x08004bc8                MemManage_Handler
                0x08004bc8                DMA1_Stream0_IRQHandler
                0x08004bc8                CAN1_TX_IRQHandler
                0x08004bc8                SVC_Handler
                0x08004bc8                EXTI4_IRQHandler
                0x08004bc8                RNG_IRQHandler
                0x08004bc8                ETH_IRQHandler
                0x08004bc8                OTG_HS_EP1_OUT_IRQHandler
                0x08004bc8                WWDG_IRQHandler
                0x08004bc8                SPI6_IRQHandler
                0x08004bc8                MDIOS_IRQHandler
                0x08004bc8                I2C4_EV_IRQHandler
                0x08004bc8                CAN3_TX_IRQHandler
                0x08004bc8                OTG_FS_WKUP_IRQHandler
                0x08004bc8                TIM1_TRG_COM_TIM11_IRQHandler
                0x08004bc8                OTG_HS_IRQHandler
                0x08004bc8                DMA2D_IRQHandler
                0x08004bc8                EXTI1_IRQHandler
                0x08004bc8                SDMMC2_IRQHandler
                0x08004bc8                UART7_IRQHandler
                0x08004bc8                USART2_IRQHandler
                0x08004bc8                DFSDM1_FLT0_IRQHandler
                0x08004bc8                I2C2_ER_IRQHandler
                0x08004bc8                DMA2_Stream1_IRQHandler
                0x08004bc8                CAN1_SCE_IRQHandler
                0x08004bc8                FLASH_IRQHandler
                0x08004bc8                BusFault_Handler
                0x08004bc8                USART1_IRQHandler
                0x08004bc8                OTG_FS_IRQHandler
                0x08004bc8                SPI3_IRQHandler
                0x08004bc8                DMA1_Stream4_IRQHandler
                0x08004bc8                I2C1_ER_IRQHandler
                0x08004bc8                FMC_IRQHandler
                0x08004bc8                LPTIM1_IRQHandler
                0x08004bc8                I2C4_ER_IRQHandler
                0x08004bc8                DMA2_Stream6_IRQHandler
                0x08004bc8                SAI1_IRQHandler
                0x08004bc8                DMA1_Stream3_IRQHandler
 *fill*         0x08004bca        0x2 
 .text.__libc_init_array
                0x08004bcc       0x48 c:/program files (x86)/atollic/truestudio for stm32 9.0.1/armtools/bin/../lib/gcc/arm-atollic-eabi/6.3.1/../../../../arm-atollic-eabi/lib/armv7e-m/fpu/fpv5-d16\libc_nano.a(lib_a-init.o)
                0x08004bcc                __libc_init_array
 .text.memcpy   0x08004c14       0x16 c:/program files (x86)/atollic/truestudio for stm32 9.0.1/armtools/bin/../lib/gcc/arm-atollic-eabi/6.3.1/../../../../arm-atollic-eabi/lib/armv7e-m/fpu/fpv5-d16\libc_nano.a(lib_a-memcpy-stub.o)
                0x08004c14                memcpy
 .text.__cvt    0x08004c2a       0xa6 c:/program files (x86)/atollic/truestudio for stm32 9.0.1/armtools/bin/../lib/gcc/arm-atollic-eabi/6.3.1/../../../../arm-atollic-eabi/lib/armv7e-m/fpu/fpv5-d16\libc_nano.a(lib_a-nano-vfprintf_float.o)
                0x08004c2a                __cvt
 .text.__exponent
                0x08004cd0       0x6a c:/program files (x86)/atollic/truestudio for stm32 9.0.1/armtools/bin/../lib/gcc/arm-atollic-eabi/6.3.1/../../../../arm-atollic-eabi/lib/armv7e-m/fpu/fpv5-d16\libc_nano.a(lib_a-nano-vfprintf_float.o)
                0x08004cd0                __exponent
 *fill*         0x08004d3a        0x6 
 .text._printf_float
                0x08004d40      0x458 c:/program files (x86)/atollic/truestudio for stm32 9.0.1/armtools/bin/../lib/gcc/arm-atollic-eabi/6.3.1/../../../../arm-atollic-eabi/lib/armv7e-m/fpu/fpv5-d16\libc_nano.a(lib_a-nano-vfprintf_float.o)
                0x08004d40                _printf_float
 .text._printf_common
                0x08005198       0xec c:/program files (x86)/atollic/truestudio for stm32 9.0.1/armtools/bin/../lib/gcc/arm-atollic-eabi/6.3.1/../../../../arm-atollic-eabi/lib/armv7e-m/fpu/fpv5-d16\libc_nano.a(lib_a-nano-vfprintf_i.o)
                0x08005198                _printf_common
 .text._printf_i
                0x08005284      0x240 c:/program files (x86)/atollic/truestudio for stm32 9.0.1/armtools/bin/../lib/gcc/arm-atollic-eabi/6.3.1/../../../../arm-atollic-eabi/lib/armv7e-m/fpu/fpv5-d16\libc_nano.a(lib_a-nano-vfprintf_i.o)
                0x08005284                _printf_i
 .text.printf   0x080054c4       0x30 c:/program files (x86)/atollic/truestudio for stm32 9.0.1/armtools/bin/../lib/gcc/arm-atollic-eabi/6.3.1/../../../../arm-atollic-eabi/lib/armv7e-m/fpu/fpv5-d16\libc_nano.a(lib_a-printf.o)
                0x080054c4                iprintf
                0x080054c4                printf
 .text._puts_r  0x080054f4       0xb8 c:/program files (x86)/atollic/truestudio for stm32 9.0.1/armtools/bin/../lib/gcc/arm-atollic-eabi/6.3.1/../../../../arm-atollic-eabi/lib/armv7e-m/fpu/fpv5-d16\libc_nano.a(lib_a-puts.o)
                0x080054f4                _puts_r
 .text.puts     0x080055ac       0x10 c:/program files (x86)/atollic/truestudio for stm32 9.0.1/armtools/bin/../lib/gcc/arm-atollic-eabi/6.3.1/../../../../arm-atollic-eabi/lib/armv7e-m/fpu/fpv5-d16\libc_nano.a(lib_a-puts.o)
                0x080055ac                puts
 .text.sprintf  0x080055bc       0x48 c:/program files (x86)/atollic/truestudio for stm32 9.0.1/armtools/bin/../lib/gcc/arm-atollic-eabi/6.3.1/../../../../arm-atollic-eabi/lib/armv7e-m/fpu/fpv5-d16\libc_nano.a(lib_a-sprintf.o)
                0x080055bc                siprintf
                0x080055bc                sprintf
 .text.strcpy   0x08005604       0x10 c:/program files (x86)/atollic/truestudio for stm32 9.0.1/armtools/bin/../lib/gcc/arm-atollic-eabi/6.3.1/../../../../arm-atollic-eabi/lib/armv7e-m/fpu/fpv5-d16\libc_nano.a(lib_a-strcpy.o)
                0x08005604                strcpy
 .text.__swbuf_r
                0x08005614       0xa4 c:/program files (x86)/atollic/truestudio for stm32 9.0.1/armtools/bin/../lib/gcc/arm-atollic-eabi/6.3.1/../../../../arm-atollic-eabi/lib/armv7e-m/fpu/fpv5-d16\libc_nano.a(lib_a-wbuf.o)
                0x08005614                __swbuf_r
 .text.__swsetup_r
                0x080056b8       0xdc c:/program files (x86)/atollic/truestudio for stm32 9.0.1/armtools/bin/../lib/gcc/arm-atollic-eabi/6.3.1/../../../../arm-atollic-eabi/lib/armv7e-m/fpu/fpv5-d16\libc_nano.a(lib_a-wsetup.o)
                0x080056b8                __swsetup_r
 .text.quorem   0x08005794      0x118 c:/program files (x86)/atollic/truestudio for stm32 9.0.1/armtools/bin/../lib/gcc/arm-atollic-eabi/6.3.1/../../../../arm-atollic-eabi/lib/armv7e-m/fpu/fpv5-d16\libc_nano.a(lib_a-dtoa.o)
 *fill*         0x080058ac        0x4 
 .text._dtoa_r  0x080058b0      0xad8 c:/program files (x86)/atollic/truestudio for stm32 9.0.1/armtools/bin/../lib/gcc/arm-atollic-eabi/6.3.1/../../../../arm-atollic-eabi/lib/armv7e-m/fpu/fpv5-d16\libc_nano.a(lib_a-dtoa.o)
                0x080058b0                _dtoa_r
 .text.__sflush_r
                0x08006388      0x110 c:/program files (x86)/atollic/truestudio for stm32 9.0.1/armtools/bin/../lib/gcc/arm-atollic-eabi/6.3.1/../../../../arm-atollic-eabi/lib/armv7e-m/fpu/fpv5-d16\libc_nano.a(lib_a-fflush.o)
                0x08006388                __sflush_r
 .text._fflush_r
                0x08006498       0x54 c:/program files (x86)/atollic/truestudio for stm32 9.0.1/armtools/bin/../lib/gcc/arm-atollic-eabi/6.3.1/../../../../arm-atollic-eabi/lib/armv7e-m/fpu/fpv5-d16\libc_nano.a(lib_a-fflush.o)
                0x08006498                _fflush_r
 .text._cleanup_r
                0x080064ec        0xc c:/program files (x86)/atollic/truestudio for stm32 9.0.1/armtools/bin/../lib/gcc/arm-atollic-eabi/6.3.1/../../../../arm-atollic-eabi/lib/armv7e-m/fpu/fpv5-d16\libc_nano.a(lib_a-findfp.o)
                0x080064ec                _cleanup_r
 .text.std.isra.0
                0x080064f8       0x48 c:/program files (x86)/atollic/truestudio for stm32 9.0.1/armtools/bin/../lib/gcc/arm-atollic-eabi/6.3.1/../../../../arm-atollic-eabi/lib/armv7e-m/fpu/fpv5-d16\libc_nano.a(lib_a-findfp.o)
 .text.__sfmoreglue
                0x08006540       0x2c c:/program files (x86)/atollic/truestudio for stm32 9.0.1/armtools/bin/../lib/gcc/arm-atollic-eabi/6.3.1/../../../../arm-atollic-eabi/lib/armv7e-m/fpu/fpv5-d16\libc_nano.a(lib_a-findfp.o)
                0x08006540                __sfmoreglue
 .text.__sinit  0x0800656c       0x60 c:/program files (x86)/atollic/truestudio for stm32 9.0.1/armtools/bin/../lib/gcc/arm-atollic-eabi/6.3.1/../../../../arm-atollic-eabi/lib/armv7e-m/fpu/fpv5-d16\libc_nano.a(lib_a-findfp.o)
                0x0800656c                __sinit
 .text.__sfp    0x080065cc       0x78 c:/program files (x86)/atollic/truestudio for stm32 9.0.1/armtools/bin/../lib/gcc/arm-atollic-eabi/6.3.1/../../../../arm-atollic-eabi/lib/armv7e-m/fpu/fpv5-d16\libc_nano.a(lib_a-findfp.o)
                0x080065cc                __sfp
 .text._fwalk_reent
                0x08006644       0x3c c:/program files (x86)/atollic/truestudio for stm32 9.0.1/armtools/bin/../lib/gcc/arm-atollic-eabi/6.3.1/../../../../arm-atollic-eabi/lib/armv7e-m/fpu/fpv5-d16\libc_nano.a(lib_a-fwalk.o)
                0x08006644                _fwalk_reent
 .text._localeconv_r
                0x08006680       0x1c c:/program files (x86)/atollic/truestudio for stm32 9.0.1/armtools/bin/../lib/gcc/arm-atollic-eabi/6.3.1/../../../../arm-atollic-eabi/lib/armv7e-m/fpu/fpv5-d16\libc_nano.a(lib_a-localeconv.o)
                0x08006680                _localeconv_r
 .text.__swhatbuf_r
                0x0800669c       0x48 c:/program files (x86)/atollic/truestudio for stm32 9.0.1/armtools/bin/../lib/gcc/arm-atollic-eabi/6.3.1/../../../../arm-atollic-eabi/lib/armv7e-m/fpu/fpv5-d16\libc_nano.a(lib_a-makebuf.o)
                0x0800669c                __swhatbuf_r
 .text.__smakebuf_r
                0x080066e4       0x80 c:/program files (x86)/atollic/truestudio for stm32 9.0.1/armtools/bin/../lib/gcc/arm-atollic-eabi/6.3.1/../../../../arm-atollic-eabi/lib/armv7e-m/fpu/fpv5-d16\libc_nano.a(lib_a-makebuf.o)
                0x080066e4                __smakebuf_r
 .text.malloc   0x08006764       0x10 c:/program files (x86)/atollic/truestudio for stm32 9.0.1/armtools/bin/../lib/gcc/arm-atollic-eabi/6.3.1/../../../../arm-atollic-eabi/lib/armv7e-m/fpu/fpv5-d16\libc_nano.a(lib_a-malloc.o)
                0x08006764                malloc
 .text.memset   0x08006774       0x10 c:/program files (x86)/atollic/truestudio for stm32 9.0.1/armtools/bin/../lib/gcc/arm-atollic-eabi/6.3.1/../../../../arm-atollic-eabi/lib/armv7e-m/fpu/fpv5-d16\libc_nano.a(lib_a-memset.o)
                0x08006774                memset
 .text._Balloc  0x08006784       0x68 c:/program files (x86)/atollic/truestudio for stm32 9.0.1/armtools/bin/../lib/gcc/arm-atollic-eabi/6.3.1/../../../../arm-atollic-eabi/lib/armv7e-m/fpu/fpv5-d16\libc_nano.a(lib_a-mprec.o)
                0x08006784                _Balloc
 .text._Bfree   0x080067ec       0x2e c:/program files (x86)/atollic/truestudio for stm32 9.0.1/armtools/bin/../lib/gcc/arm-atollic-eabi/6.3.1/../../../../arm-atollic-eabi/lib/armv7e-m/fpu/fpv5-d16\libc_nano.a(lib_a-mprec.o)
                0x080067ec                _Bfree
 .text.__multadd
                0x0800681a       0x76 c:/program files (x86)/atollic/truestudio for stm32 9.0.1/armtools/bin/../lib/gcc/arm-atollic-eabi/6.3.1/../../../../arm-atollic-eabi/lib/armv7e-m/fpu/fpv5-d16\libc_nano.a(lib_a-mprec.o)
                0x0800681a                __multadd
 .text.__hi0bits
                0x08006890       0x3e c:/program files (x86)/atollic/truestudio for stm32 9.0.1/armtools/bin/../lib/gcc/arm-atollic-eabi/6.3.1/../../../../arm-atollic-eabi/lib/armv7e-m/fpu/fpv5-d16\libc_nano.a(lib_a-mprec.o)
                0x08006890                __hi0bits
 .text.__lo0bits
                0x080068ce       0x5e c:/program files (x86)/atollic/truestudio for stm32 9.0.1/armtools/bin/../lib/gcc/arm-atollic-eabi/6.3.1/../../../../arm-atollic-eabi/lib/armv7e-m/fpu/fpv5-d16\libc_nano.a(lib_a-mprec.o)
                0x080068ce                __lo0bits
 .text.__i2b    0x0800692c       0x12 c:/program files (x86)/atollic/truestudio for stm32 9.0.1/armtools/bin/../lib/gcc/arm-atollic-eabi/6.3.1/../../../../arm-atollic-eabi/lib/armv7e-m/fpu/fpv5-d16\libc_nano.a(lib_a-mprec.o)
                0x0800692c                __i2b
 .text.__multiply
                0x0800693e      0x11a c:/program files (x86)/atollic/truestudio for stm32 9.0.1/armtools/bin/../lib/gcc/arm-atollic-eabi/6.3.1/../../../../arm-atollic-eabi/lib/armv7e-m/fpu/fpv5-d16\libc_nano.a(lib_a-mprec.o)
                0x0800693e                __multiply
 .text.__pow5mult
                0x08006a58       0x9c c:/program files (x86)/atollic/truestudio for stm32 9.0.1/armtools/bin/../lib/gcc/arm-atollic-eabi/6.3.1/../../../../arm-atollic-eabi/lib/armv7e-m/fpu/fpv5-d16\libc_nano.a(lib_a-mprec.o)
                0x08006a58                __pow5mult
 .text.__lshift
                0x08006af4       0xa2 c:/program files (x86)/atollic/truestudio for stm32 9.0.1/armtools/bin/../lib/gcc/arm-atollic-eabi/6.3.1/../../../../arm-atollic-eabi/lib/armv7e-m/fpu/fpv5-d16\libc_nano.a(lib_a-mprec.o)
                0x08006af4                __lshift
 .text.__mcmp   0x08006b96       0x34 c:/program files (x86)/atollic/truestudio for stm32 9.0.1/armtools/bin/../lib/gcc/arm-atollic-eabi/6.3.1/../../../../arm-atollic-eabi/lib/armv7e-m/fpu/fpv5-d16\libc_nano.a(lib_a-mprec.o)
                0x08006b96                __mcmp
 .text.__mdiff  0x08006bca       0xbc c:/program files (x86)/atollic/truestudio for stm32 9.0.1/armtools/bin/../lib/gcc/arm-atollic-eabi/6.3.1/../../../../arm-atollic-eabi/lib/armv7e-m/fpu/fpv5-d16\libc_nano.a(lib_a-mprec.o)
                0x08006bca                __mdiff
 .text.__d2b    0x08006c86       0x9e c:/program files (x86)/atollic/truestudio for stm32 9.0.1/armtools/bin/../lib/gcc/arm-atollic-eabi/6.3.1/../../../../arm-atollic-eabi/lib/armv7e-m/fpu/fpv5-d16\libc_nano.a(lib_a-mprec.o)
                0x08006c86                __d2b
 .text._calloc_r
                0x08006d24       0x1c c:/program files (x86)/atollic/truestudio for stm32 9.0.1/armtools/bin/../lib/gcc/arm-atollic-eabi/6.3.1/../../../../arm-atollic-eabi/lib/armv7e-m/fpu/fpv5-d16\libc_nano.a(lib_a-nano-callocr.o)
                0x08006d24                _calloc_r
 .text._free_r  0x08006d40       0x9c c:/program files (x86)/atollic/truestudio for stm32 9.0.1/armtools/bin/../lib/gcc/arm-atollic-eabi/6.3.1/../../../../arm-atollic-eabi/lib/armv7e-m/fpu/fpv5-d16\libc_nano.a(lib_a-nano-freer.o)
                0x08006d40                _free_r
 .text._malloc_r
                0x08006ddc       0xbc c:/program files (x86)/atollic/truestudio for stm32 9.0.1/armtools/bin/../lib/gcc/arm-atollic-eabi/6.3.1/../../../../arm-atollic-eabi/lib/armv7e-m/fpu/fpv5-d16\libc_nano.a(lib_a-nano-mallocr.o)
                0x08006ddc                _malloc_r
 .text.__ssputs_r
                0x08006e98       0xb6 c:/program files (x86)/atollic/truestudio for stm32 9.0.1/armtools/bin/../lib/gcc/arm-atollic-eabi/6.3.1/../../../../arm-atollic-eabi/lib/armv7e-m/fpu/fpv5-d16\libc_nano.a(lib_a-nano-svfprintf.o)
                0x08006e98                __ssputs_r
 *fill*         0x08006f4e        0x2 
 .text._svfprintf_r
                0x08006f50      0x1e8 c:/program files (x86)/atollic/truestudio for stm32 9.0.1/armtools/bin/../lib/gcc/arm-atollic-eabi/6.3.1/../../../../arm-atollic-eabi/lib/armv7e-m/fpu/fpv5-d16\libc_nano.a(lib_a-nano-svfprintf.o)
                0x08006f50                _svfiprintf_r
                0x08006f50                _svfprintf_r
 .text.__sfputc_r
                0x08007138       0x30 c:/program files (x86)/atollic/truestudio for stm32 9.0.1/armtools/bin/../lib/gcc/arm-atollic-eabi/6.3.1/../../../../arm-atollic-eabi/lib/armv7e-m/fpu/fpv5-d16\libc_nano.a(lib_a-nano-vfprintf.o)
 .text.__sfputs_r
                0x08007168       0x24 c:/program files (x86)/atollic/truestudio for stm32 9.0.1/armtools/bin/../lib/gcc/arm-atollic-eabi/6.3.1/../../../../arm-atollic-eabi/lib/armv7e-m/fpu/fpv5-d16\libc_nano.a(lib_a-nano-vfprintf.o)
                0x08007168                __sfputs_r
 .text._vfprintf_r
                0x0800718c      0x22c c:/program files (x86)/atollic/truestudio for stm32 9.0.1/armtools/bin/../lib/gcc/arm-atollic-eabi/6.3.1/../../../../arm-atollic-eabi/lib/armv7e-m/fpu/fpv5-d16\libc_nano.a(lib_a-nano-vfprintf.o)
                0x0800718c                _vfprintf_r
                0x0800718c                _vfiprintf_r
 .text._sbrk_r  0x080073b8       0x20 c:/program files (x86)/atollic/truestudio for stm32 9.0.1/armtools/bin/../lib/gcc/arm-atollic-eabi/6.3.1/../../../../arm-atollic-eabi/lib/armv7e-m/fpu/fpv5-d16\libc_nano.a(lib_a-sbrkr.o)
                0x080073b8                _sbrk_r
 .text.__sread  0x080073d8       0x22 c:/program files (x86)/atollic/truestudio for stm32 9.0.1/armtools/bin/../lib/gcc/arm-atollic-eabi/6.3.1/../../../../arm-atollic-eabi/lib/armv7e-m/fpu/fpv5-d16\libc_nano.a(lib_a-stdio.o)
                0x080073d8                __sread
 .text.__swrite
                0x080073fa       0x38 c:/program files (x86)/atollic/truestudio for stm32 9.0.1/armtools/bin/../lib/gcc/arm-atollic-eabi/6.3.1/../../../../arm-atollic-eabi/lib/armv7e-m/fpu/fpv5-d16\libc_nano.a(lib_a-stdio.o)
                0x080073fa                __swrite
 .text.__sseek  0x08007432       0x24 c:/program files (x86)/atollic/truestudio for stm32 9.0.1/armtools/bin/../lib/gcc/arm-atollic-eabi/6.3.1/../../../../arm-atollic-eabi/lib/armv7e-m/fpu/fpv5-d16\libc_nano.a(lib_a-stdio.o)
                0x08007432                __sseek
 .text.__sclose
                0x08007456        0x8 c:/program files (x86)/atollic/truestudio for stm32 9.0.1/armtools/bin/../lib/gcc/arm-atollic-eabi/6.3.1/../../../../arm-atollic-eabi/lib/armv7e-m/fpu/fpv5-d16\libc_nano.a(lib_a-stdio.o)
                0x08007456                __sclose
 *fill*         0x0800745e        0x2 
 .text._write_r
                0x08007460       0x24 c:/program files (x86)/atollic/truestudio for stm32 9.0.1/armtools/bin/../lib/gcc/arm-atollic-eabi/6.3.1/../../../../arm-atollic-eabi/lib/armv7e-m/fpu/fpv5-d16\libc_nano.a(lib_a-writer.o)
                0x08007460                _write_r
 .text._close_r
                0x08007484       0x20 c:/program files (x86)/atollic/truestudio for stm32 9.0.1/armtools/bin/../lib/gcc/arm-atollic-eabi/6.3.1/../../../../arm-atollic-eabi/lib/armv7e-m/fpu/fpv5-d16\libc_nano.a(lib_a-closer.o)
                0x08007484                _close_r
 .text._fstat_r
                0x080074a4       0x24 c:/program files (x86)/atollic/truestudio for stm32 9.0.1/armtools/bin/../lib/gcc/arm-atollic-eabi/6.3.1/../../../../arm-atollic-eabi/lib/armv7e-m/fpu/fpv5-d16\libc_nano.a(lib_a-fstatr.o)
                0x080074a4                _fstat_r
 .text._isatty_r
                0x080074c8       0x20 c:/program files (x86)/atollic/truestudio for stm32 9.0.1/armtools/bin/../lib/gcc/arm-atollic-eabi/6.3.1/../../../../arm-atollic-eabi/lib/armv7e-m/fpu/fpv5-d16\libc_nano.a(lib_a-isattyr.o)
                0x080074c8                _isatty_r
 .text._lseek_r
                0x080074e8       0x24 c:/program files (x86)/atollic/truestudio for stm32 9.0.1/armtools/bin/../lib/gcc/arm-atollic-eabi/6.3.1/../../../../arm-atollic-eabi/lib/armv7e-m/fpu/fpv5-d16\libc_nano.a(lib_a-lseekr.o)
                0x080074e8                _lseek_r
 .text.__ascii_mbtowc
                0x0800750c       0x24 c:/program files (x86)/atollic/truestudio for stm32 9.0.1/armtools/bin/../lib/gcc/arm-atollic-eabi/6.3.1/../../../../arm-atollic-eabi/lib/armv7e-m/fpu/fpv5-d16\libc_nano.a(lib_a-mbtowc_r.o)
                0x0800750c                __ascii_mbtowc
 .text.memmove  0x08007530       0x34 c:/program files (x86)/atollic/truestudio for stm32 9.0.1/armtools/bin/../lib/gcc/arm-atollic-eabi/6.3.1/../../../../arm-atollic-eabi/lib/armv7e-m/fpu/fpv5-d16\libc_nano.a(lib_a-memmove.o)
                0x08007530                memmove
 .text.__malloc_lock
                0x08007564        0x2 c:/program files (x86)/atollic/truestudio for stm32 9.0.1/armtools/bin/../lib/gcc/arm-atollic-eabi/6.3.1/../../../../arm-atollic-eabi/lib/armv7e-m/fpu/fpv5-d16\libc_nano.a(lib_a-mlock.o)
                0x08007564                __malloc_lock
 .text.__malloc_unlock
                0x08007566        0x2 c:/program files (x86)/atollic/truestudio for stm32 9.0.1/armtools/bin/../lib/gcc/arm-atollic-eabi/6.3.1/../../../../arm-atollic-eabi/lib/armv7e-m/fpu/fpv5-d16\libc_nano.a(lib_a-mlock.o)
                0x08007566                __malloc_unlock
 .text._realloc_r
                0x08007568       0x4c c:/program files (x86)/atollic/truestudio for stm32 9.0.1/armtools/bin/../lib/gcc/arm-atollic-eabi/6.3.1/../../../../arm-atollic-eabi/lib/armv7e-m/fpu/fpv5-d16\libc_nano.a(lib_a-nano-reallocr.o)
                0x08007568                _realloc_r
 .text._read_r  0x080075b4       0x24 c:/program files (x86)/atollic/truestudio for stm32 9.0.1/armtools/bin/../lib/gcc/arm-atollic-eabi/6.3.1/../../../../arm-atollic-eabi/lib/armv7e-m/fpu/fpv5-d16\libc_nano.a(lib_a-readr.o)
                0x080075b4                _read_r
 .text.__ascii_wctomb
                0x080075d8       0x1a c:/program files (x86)/atollic/truestudio for stm32 9.0.1/armtools/bin/../lib/gcc/arm-atollic-eabi/6.3.1/../../../../arm-atollic-eabi/lib/armv7e-m/fpu/fpv5-d16\libc_nano.a(lib_a-wctomb_r.o)
                0x080075d8                __ascii_wctomb
 .text._malloc_usable_size_r
                0x080075f2       0x12 c:/program files (x86)/atollic/truestudio for stm32 9.0.1/armtools/bin/../lib/gcc/arm-atollic-eabi/6.3.1/../../../../arm-atollic-eabi/lib/armv7e-m/fpu/fpv5-d16\libc_nano.a(lib_a-nano-msizer.o)
                0x080075f2                _malloc_usable_size_r
 *fill*         0x08007604        0x4 
 .text.cos      0x08007608       0x78 c:/program files (x86)/atollic/truestudio for stm32 9.0.1/armtools/bin/../lib/gcc/arm-atollic-eabi/6.3.1/../../../../arm-atollic-eabi/lib/armv7e-m/fpu/fpv5-d16\libm.a(lib_a-s_cos.o)
                0x08007608                cos
 .text.sin      0x08007680       0x78 c:/program files (x86)/atollic/truestudio for stm32 9.0.1/armtools/bin/../lib/gcc/arm-atollic-eabi/6.3.1/../../../../arm-atollic-eabi/lib/armv7e-m/fpu/fpv5-d16\libm.a(lib_a-s_sin.o)
                0x08007680                sin
 .text.log      0x080076f8       0xdc c:/program files (x86)/atollic/truestudio for stm32 9.0.1/armtools/bin/../lib/gcc/arm-atollic-eabi/6.3.1/../../../../arm-atollic-eabi/lib/armv7e-m/fpu/fpv5-d16\libm.a(lib_a-w_log.o)
                0x080076f8                log
 *fill*         0x080077d4        0x4 
 .text.pow      0x080077d8      0x264 c:/program files (x86)/atollic/truestudio for stm32 9.0.1/armtools/bin/../lib/gcc/arm-atollic-eabi/6.3.1/../../../../arm-atollic-eabi/lib/armv7e-m/fpu/fpv5-d16\libm.a(lib_a-w_pow.o)
                0x080077d8                pow
 *fill*         0x08007a3c        0x4 
 .text.sqrt     0x08007a40       0x98 c:/program files (x86)/atollic/truestudio for stm32 9.0.1/armtools/bin/../lib/gcc/arm-atollic-eabi/6.3.1/../../../../arm-atollic-eabi/lib/armv7e-m/fpu/fpv5-d16\libm.a(lib_a-w_sqrt.o)
                0x08007a40                sqrt
 .text.__ieee754_log
                0x08007ad8      0x23c c:/program files (x86)/atollic/truestudio for stm32 9.0.1/armtools/bin/../lib/gcc/arm-atollic-eabi/6.3.1/../../../../arm-atollic-eabi/lib/armv7e-m/fpu/fpv5-d16\libm.a(lib_a-e_log.o)
                0x08007ad8                __ieee754_log
 *fill*         0x08007d14        0x4 
 .text.__ieee754_pow
                0x08007d18      0x70c c:/program files (x86)/atollic/truestudio for stm32 9.0.1/armtools/bin/../lib/gcc/arm-atollic-eabi/6.3.1/../../../../arm-atollic-eabi/lib/armv7e-m/fpu/fpv5-d16\libm.a(lib_a-e_pow.o)
                0x08007d18                __ieee754_pow
 *fill*         0x08008424        0x4 
 .text.__ieee754_rem_pio2
                0x08008428      0x280 c:/program files (x86)/atollic/truestudio for stm32 9.0.1/armtools/bin/../lib/gcc/arm-atollic-eabi/6.3.1/../../../../arm-atollic-eabi/lib/armv7e-m/fpu/fpv5-d16\libm.a(lib_a-e_rem_pio2.o)
                0x08008428                __ieee754_rem_pio2
 .text.__ieee754_sqrt
                0x080086a8      0x13c c:/program files (x86)/atollic/truestudio for stm32 9.0.1/armtools/bin/../lib/gcc/arm-atollic-eabi/6.3.1/../../../../arm-atollic-eabi/lib/armv7e-m/fpu/fpv5-d16\libm.a(lib_a-e_sqrt.o)
                0x080086a8                __ieee754_sqrt
 *fill*         0x080087e4        0x4 
 .text.__kernel_cos
                0x080087e8       0xd8 c:/program files (x86)/atollic/truestudio for stm32 9.0.1/armtools/bin/../lib/gcc/arm-atollic-eabi/6.3.1/../../../../arm-atollic-eabi/lib/armv7e-m/fpu/fpv5-d16\libm.a(lib_a-k_cos.o)
                0x080087e8                __kernel_cos
 .text.__kernel_rem_pio2
                0x080088c0      0x4e8 c:/program files (x86)/atollic/truestudio for stm32 9.0.1/armtools/bin/../lib/gcc/arm-atollic-eabi/6.3.1/../../../../arm-atollic-eabi/lib/armv7e-m/fpu/fpv5-d16\libm.a(lib_a-k_rem_pio2.o)
                0x080088c0                __kernel_rem_pio2
 .text.__kernel_sin
                0x08008da8       0xb0 c:/program files (x86)/atollic/truestudio for stm32 9.0.1/armtools/bin/../lib/gcc/arm-atollic-eabi/6.3.1/../../../../arm-atollic-eabi/lib/armv7e-m/fpu/fpv5-d16\libm.a(lib_a-k_sin.o)
                0x08008da8                __kernel_sin
 .text.fabs     0x08008e58        0xe c:/program files (x86)/atollic/truestudio for stm32 9.0.1/armtools/bin/../lib/gcc/arm-atollic-eabi/6.3.1/../../../../arm-atollic-eabi/lib/armv7e-m/fpu/fpv5-d16\libm.a(lib_a-s_fabs.o)
                0x08008e58                fabs
 .text.finite   0x08008e66       0x10 c:/program files (x86)/atollic/truestudio for stm32 9.0.1/armtools/bin/../lib/gcc/arm-atollic-eabi/6.3.1/../../../../arm-atollic-eabi/lib/armv7e-m/fpu/fpv5-d16\libm.a(lib_a-s_finite.o)
                0x08008e66                finite
 *fill*         0x08008e76        0x2 
 .text.floor    0x08008e78       0xf0 c:/program files (x86)/atollic/truestudio for stm32 9.0.1/armtools/bin/../lib/gcc/arm-atollic-eabi/6.3.1/../../../../arm-atollic-eabi/lib/armv7e-m/fpu/fpv5-d16\libm.a(lib_a-s_floor.o)
                0x08008e78                floor
 .text.matherr  0x08008f68        0x4 c:/program files (x86)/atollic/truestudio for stm32 9.0.1/armtools/bin/../lib/gcc/arm-atollic-eabi/6.3.1/../../../../arm-atollic-eabi/lib/armv7e-m/fpu/fpv5-d16\libm.a(lib_a-s_matherr.o)
                0x08008f68                matherr
 *fill*         0x08008f6c        0x4 
 .text.nan      0x08008f70       0x10 c:/program files (x86)/atollic/truestudio for stm32 9.0.1/armtools/bin/../lib/gcc/arm-atollic-eabi/6.3.1/../../../../arm-atollic-eabi/lib/armv7e-m/fpu/fpv5-d16\libm.a(lib_a-s_nan.o)
                0x08008f70                nan
 .text.rint     0x08008f80      0x118 c:/program files (x86)/atollic/truestudio for stm32 9.0.1/armtools/bin/../lib/gcc/arm-atollic-eabi/6.3.1/../../../../arm-atollic-eabi/lib/armv7e-m/fpu/fpv5-d16\libm.a(lib_a-s_rint.o)
                0x08008f80                rint
 .text.scalbn   0x08009098       0xfc c:/program files (x86)/atollic/truestudio for stm32 9.0.1/armtools/bin/../lib/gcc/arm-atollic-eabi/6.3.1/../../../../arm-atollic-eabi/lib/armv7e-m/fpu/fpv5-d16\libm.a(lib_a-s_scalbn.o)
                0x08009098                scalbn
 .text.copysign
                0x08009194       0x1a c:/program files (x86)/atollic/truestudio for stm32 9.0.1/armtools/bin/../lib/gcc/arm-atollic-eabi/6.3.1/../../../../arm-atollic-eabi/lib/armv7e-m/fpu/fpv5-d16\libm.a(lib_a-s_copysign.o)
                0x08009194                copysign
 *fill*         0x080091ae        0x2 
 .text.__errno  0x080091b0        0xc c:/program files (x86)/atollic/truestudio for stm32 9.0.1/armtools/bin/../lib/gcc/arm-atollic-eabi/6.3.1/../../../../arm-atollic-eabi/lib/armv7e-m/fpu/fpv5-d16\libc_nano.a(lib_a-errno.o)
                0x080091b0                __errno
 *(.glue_7)
 .glue_7        0x080091bc        0x0 linker stubs
 *(.glue_7t)
 .glue_7t       0x080091bc        0x0 linker stubs
 *(.eh_frame)
 .eh_frame      0x080091bc        0x0 c:/program files (x86)/atollic/truestudio for stm32 9.0.1/armtools/bin/../lib/gcc/arm-atollic-eabi/6.3.1/armv7e-m/fpu/fpv5-d16/crtbegin.o
 *(.init)
 .init          0x080091bc        0x4 c:/program files (x86)/atollic/truestudio for stm32 9.0.1/armtools/bin/../lib/gcc/arm-atollic-eabi/6.3.1/armv7e-m/fpu/fpv5-d16/crti.o
                0x080091bc                _init
 .init          0x080091c0        0x8 c:/program files (x86)/atollic/truestudio for stm32 9.0.1/armtools/bin/../lib/gcc/arm-atollic-eabi/6.3.1/armv7e-m/fpu/fpv5-d16/crtn.o
 *(.fini)
 .fini          0x080091c8        0x4 c:/program files (x86)/atollic/truestudio for stm32 9.0.1/armtools/bin/../lib/gcc/arm-atollic-eabi/6.3.1/armv7e-m/fpu/fpv5-d16/crti.o
                0x080091c8                _fini
 .fini          0x080091cc        0x8 c:/program files (x86)/atollic/truestudio for stm32 9.0.1/armtools/bin/../lib/gcc/arm-atollic-eabi/6.3.1/armv7e-m/fpu/fpv5-d16/crtn.o
                0x080091d4                . = ALIGN (0x4)
                0x080091d4                _etext = .

.vfp11_veneer   0x080091d4        0x0
 .vfp11_veneer  0x080091d4        0x0 linker stubs

.v4_bx          0x080091d4        0x0
 .v4_bx         0x080091d4        0x0 linker stubs

.iplt           0x080091d4        0x0
 .iplt          0x080091d4        0x0 c:/program files (x86)/atollic/truestudio for stm32 9.0.1/armtools/bin/../lib/gcc/arm-atollic-eabi/6.3.1/armv7e-m/fpu/fpv5-d16/crtbegin.o

.rodata         0x080091d8      0x978
                0x080091d8                . = ALIGN (0x4)
 *(.rodata)
 *(.rodata*)
 .rodata.flagBitshiftOffset.10224
                0x080091d8        0x8 Drivers\STM32F7xx_HAL_Driver\Src\stm32f7xx_hal_dma.o
 .rodata.HAL_SPI_IRQHandler.str1.1
                0x080091e0       0x10 Drivers\STM32F7xx_HAL_Driver\Src\stm32f7xx_hal_spi.o
 .rodata.HAL_SPI_Init.str1.1
                0x080091f0        0x9 Drivers\STM32F7xx_HAL_Driver\Src\stm32f7xx_hal_spi.o
 .rodata.init_menu.str1.1
                0x080091f9       0xaa Src\GUI_control.o
                                 0xb1 (size before relaxing)
 .rodata.init_settings.str1.1
                0x080092a3       0x5e Src\GUI_control.o
 .rodata.update_button_value.str1.1
                0x08009301        0x7 Src\GUI_control.o
 .rodata.update_encoder_value.str1.1
                0x08009308        0x7 Src\GUI_control.o
                                  0x1 (size before relaxing)
 .rodata.font   0x08009308      0x27b Src\display.o
 .rodata.SystemClock_Config.str1.1
                0x08009583        0xb Src\main.o
 .rodata.main.str1.1
                0x0800958e       0x61 Src\main.o
 .rodata.HAL_SPI_MspInit.str1.1
                0x080095ef       0x28 Src\stm32f7xx_hal_msp.o
 .rodata.HAL_TIM_Base_MspInit.str1.1
                0x08009617       0x15 Src\stm32f7xx_hal_msp.o
 .rodata.SPI5_IRQHandler.str1.1
                0x0800962c        0x8 Src\stm32f7xx_it.o
 .rodata.AHBPrescTable
                0x08009634       0x10 Src\system_stm32f7xx.o
                0x08009634                AHBPrescTable
 .rodata.str1.1
                0x08009644       0x19 Src\tuner.o
                                 0x1d (size before relaxing)
 .rodata.update_tuner.str1.1
                0x0800965d        0xe Src\tuner.o
                                 0x10 (size before relaxing)
 .rodata._printf_float.str1.1
                0x0800966b       0x12 c:/program files (x86)/atollic/truestudio for stm32 9.0.1/armtools/bin/../lib/gcc/arm-atollic-eabi/6.3.1/../../../../arm-atollic-eabi/lib/armv7e-m/fpu/fpv5-d16\libc_nano.a(lib_a-nano-vfprintf_float.o)
 .rodata._printf_i.str1.1
                0x0800967d       0x22 c:/program files (x86)/atollic/truestudio for stm32 9.0.1/armtools/bin/../lib/gcc/arm-atollic-eabi/6.3.1/../../../../arm-atollic-eabi/lib/armv7e-m/fpu/fpv5-d16\libc_nano.a(lib_a-nano-vfprintf_i.o)
 .rodata._dtoa_r.str1.1
                0x0800969f        0xd c:/program files (x86)/atollic/truestudio for stm32 9.0.1/armtools/bin/../lib/gcc/arm-atollic-eabi/6.3.1/../../../../arm-atollic-eabi/lib/armv7e-m/fpu/fpv5-d16\libc_nano.a(lib_a-dtoa.o)
                                  0xf (size before relaxing)
 .rodata.__sf_fake_stderr
                0x080096ac       0x20 c:/program files (x86)/atollic/truestudio for stm32 9.0.1/armtools/bin/../lib/gcc/arm-atollic-eabi/6.3.1/../../../../arm-atollic-eabi/lib/armv7e-m/fpu/fpv5-d16\libc_nano.a(lib_a-findfp.o)
                0x080096ac                __sf_fake_stderr
 .rodata.__sf_fake_stdin
                0x080096cc       0x20 c:/program files (x86)/atollic/truestudio for stm32 9.0.1/armtools/bin/../lib/gcc/arm-atollic-eabi/6.3.1/../../../../arm-atollic-eabi/lib/armv7e-m/fpu/fpv5-d16\libc_nano.a(lib_a-findfp.o)
                0x080096cc                __sf_fake_stdin
 .rodata.__sf_fake_stdout
                0x080096ec       0x20 c:/program files (x86)/atollic/truestudio for stm32 9.0.1/armtools/bin/../lib/gcc/arm-atollic-eabi/6.3.1/../../../../arm-atollic-eabi/lib/armv7e-m/fpu/fpv5-d16\libc_nano.a(lib_a-findfp.o)
                0x080096ec                __sf_fake_stdout
 .rodata._global_impure_ptr
                0x0800970c        0x4 c:/program files (x86)/atollic/truestudio for stm32 9.0.1/armtools/bin/../lib/gcc/arm-atollic-eabi/6.3.1/../../../../arm-atollic-eabi/lib/armv7e-m/fpu/fpv5-d16\libc_nano.a(lib_a-impure.o)
                0x0800970c                _global_impure_ptr
 .rodata.__mprec_bigtens
                0x08009710       0x28 c:/program files (x86)/atollic/truestudio for stm32 9.0.1/armtools/bin/../lib/gcc/arm-atollic-eabi/6.3.1/../../../../arm-atollic-eabi/lib/armv7e-m/fpu/fpv5-d16\libc_nano.a(lib_a-mprec.o)
                0x08009710                __mprec_bigtens
 .rodata.__mprec_tens
                0x08009738       0xc8 c:/program files (x86)/atollic/truestudio for stm32 9.0.1/armtools/bin/../lib/gcc/arm-atollic-eabi/6.3.1/../../../../arm-atollic-eabi/lib/armv7e-m/fpu/fpv5-d16\libc_nano.a(lib_a-mprec.o)
                0x08009738                __mprec_tens
 .rodata.p05.7175
                0x08009800        0xc c:/program files (x86)/atollic/truestudio for stm32 9.0.1/armtools/bin/../lib/gcc/arm-atollic-eabi/6.3.1/../../../../arm-atollic-eabi/lib/armv7e-m/fpu/fpv5-d16\libc_nano.a(lib_a-mprec.o)
 .rodata._svfprintf_r.str1.1
                0x0800980c       0x11 c:/program files (x86)/atollic/truestudio for stm32 9.0.1/armtools/bin/../lib/gcc/arm-atollic-eabi/6.3.1/../../../../arm-atollic-eabi/lib/armv7e-m/fpu/fpv5-d16\libc_nano.a(lib_a-nano-svfprintf.o)
 .rodata._vfprintf_r.str1.1
                0x0800981d       0x11 c:/program files (x86)/atollic/truestudio for stm32 9.0.1/armtools/bin/../lib/gcc/arm-atollic-eabi/6.3.1/../../../../arm-atollic-eabi/lib/armv7e-m/fpu/fpv5-d16\libc_nano.a(lib_a-nano-vfprintf.o)
 .rodata._setlocale_r.str1.1
                0x0800981d        0x6 c:/program files (x86)/atollic/truestudio for stm32 9.0.1/armtools/bin/../lib/gcc/arm-atollic-eabi/6.3.1/../../../../arm-atollic-eabi/lib/armv7e-m/fpu/fpv5-d16\libc_nano.a(lib_a-locale.o)
                                  0x9 (size before relaxing)
 .rodata.str1.1
                0x08009823        0x6 c:/program files (x86)/atollic/truestudio for stm32 9.0.1/armtools/bin/../lib/gcc/arm-atollic-eabi/6.3.1/../../../../arm-atollic-eabi/lib/armv7e-m/fpu/fpv5-d16\libc_nano.a(lib_a-locale.o)
                                  0x2 (size before relaxing)
 .rodata._ctype_
                0x08009823      0x101 c:/program files (x86)/atollic/truestudio for stm32 9.0.1/armtools/bin/../lib/gcc/arm-atollic-eabi/6.3.1/../../../../arm-atollic-eabi/lib/armv7e-m/fpu/fpv5-d16\libc_nano.a(lib_a-ctype_.o)
                0x08009823                _ctype_
 .rodata.log.str1.1
                0x08009924        0x4 c:/program files (x86)/atollic/truestudio for stm32 9.0.1/armtools/bin/../lib/gcc/arm-atollic-eabi/6.3.1/../../../../arm-atollic-eabi/lib/armv7e-m/fpu/fpv5-d16\libm.a(lib_a-w_log.o)
                                  0x5 (size before relaxing)
 .rodata.pow.str1.1
                0x08009928        0x4 c:/program files (x86)/atollic/truestudio for stm32 9.0.1/armtools/bin/../lib/gcc/arm-atollic-eabi/6.3.1/../../../../arm-atollic-eabi/lib/armv7e-m/fpu/fpv5-d16\libm.a(lib_a-w_pow.o)
 .rodata.sqrt.str1.1
                0x0800992c        0x5 c:/program files (x86)/atollic/truestudio for stm32 9.0.1/armtools/bin/../lib/gcc/arm-atollic-eabi/6.3.1/../../../../arm-atollic-eabi/lib/armv7e-m/fpu/fpv5-d16\libm.a(lib_a-w_sqrt.o)
 .rodata.__ieee754_pow.str1.1
                0x08009931        0x1 c:/program files (x86)/atollic/truestudio for stm32 9.0.1/armtools/bin/../lib/gcc/arm-atollic-eabi/6.3.1/../../../../arm-atollic-eabi/lib/armv7e-m/fpu/fpv5-d16\libm.a(lib_a-e_pow.o)
 *fill*         0x08009931        0x7 
 .rodata.bp     0x08009938       0x10 c:/program files (x86)/atollic/truestudio for stm32 9.0.1/armtools/bin/../lib/gcc/arm-atollic-eabi/6.3.1/../../../../arm-atollic-eabi/lib/armv7e-m/fpu/fpv5-d16\libm.a(lib_a-e_pow.o)
 .rodata.dp_h   0x08009948       0x10 c:/program files (x86)/atollic/truestudio for stm32 9.0.1/armtools/bin/../lib/gcc/arm-atollic-eabi/6.3.1/../../../../arm-atollic-eabi/lib/armv7e-m/fpu/fpv5-d16\libm.a(lib_a-e_pow.o)
 .rodata.dp_l   0x08009958       0x10 c:/program files (x86)/atollic/truestudio for stm32 9.0.1/armtools/bin/../lib/gcc/arm-atollic-eabi/6.3.1/../../../../arm-atollic-eabi/lib/armv7e-m/fpu/fpv5-d16\libm.a(lib_a-e_pow.o)
 .rodata.npio2_hw
                0x08009968       0x80 c:/program files (x86)/atollic/truestudio for stm32 9.0.1/armtools/bin/../lib/gcc/arm-atollic-eabi/6.3.1/../../../../arm-atollic-eabi/lib/armv7e-m/fpu/fpv5-d16\libm.a(lib_a-e_rem_pio2.o)
 .rodata.two_over_pi
                0x080099e8      0x108 c:/program files (x86)/atollic/truestudio for stm32 9.0.1/armtools/bin/../lib/gcc/arm-atollic-eabi/6.3.1/../../../../arm-atollic-eabi/lib/armv7e-m/fpu/fpv5-d16\libm.a(lib_a-e_rem_pio2.o)
 .rodata.PIo2   0x08009af0       0x40 c:/program files (x86)/atollic/truestudio for stm32 9.0.1/armtools/bin/../lib/gcc/arm-atollic-eabi/6.3.1/../../../../arm-atollic-eabi/lib/armv7e-m/fpu/fpv5-d16\libm.a(lib_a-k_rem_pio2.o)
 .rodata.init_jk
                0x08009b30       0x10 c:/program files (x86)/atollic/truestudio for stm32 9.0.1/armtools/bin/../lib/gcc/arm-atollic-eabi/6.3.1/../../../../arm-atollic-eabi/lib/armv7e-m/fpu/fpv5-d16\libm.a(lib_a-k_rem_pio2.o)
 .rodata.TWO52  0x08009b40       0x10 c:/program files (x86)/atollic/truestudio for stm32 9.0.1/armtools/bin/../lib/gcc/arm-atollic-eabi/6.3.1/../../../../arm-atollic-eabi/lib/armv7e-m/fpu/fpv5-d16\libm.a(lib_a-s_rint.o)
                0x08009b50                . = ALIGN (0x4)

.ARM.extab
 *(.ARM.extab* .gnu.linkonce.armextab.*)

.ARM            0x08009b50        0x8
                0x08009b50                __exidx_start = .
 *(.ARM.exidx*)
 .ARM.exidx     0x08009b50        0x8 c:/program files (x86)/atollic/truestudio for stm32 9.0.1/armtools/bin/../lib/gcc/arm-atollic-eabi/6.3.1/armv7e-m/fpu/fpv5-d16\libgcc.a(_udivmoddi4.o)
                0x08009b58                __exidx_end = .

.rel.dyn        0x08009b58        0x0
 .rel.iplt      0x08009b58        0x0 c:/program files (x86)/atollic/truestudio for stm32 9.0.1/armtools/bin/../lib/gcc/arm-atollic-eabi/6.3.1/armv7e-m/fpu/fpv5-d16/crtbegin.o

.preinit_array  0x08009b58        0x0
                0x08009b58                PROVIDE (__preinit_array_start, .)
 *(.preinit_array*)
                0x08009b58                PROVIDE (__preinit_array_end, .)

.init_array     0x08009b58        0x4
                0x08009b58                PROVIDE (__init_array_start, .)
 *(SORT(.init_array.*))
 *(.init_array*)
 .init_array    0x08009b58        0x4 c:/program files (x86)/atollic/truestudio for stm32 9.0.1/armtools/bin/../lib/gcc/arm-atollic-eabi/6.3.1/armv7e-m/fpu/fpv5-d16/crtbegin.o
                0x08009b5c                PROVIDE (__init_array_end, .)

.fini_array     0x08009b5c        0x4
                [!provide]                PROVIDE (__fini_array_start, .)
 *(SORT(.fini_array.*))
 *(.fini_array*)
 .fini_array    0x08009b5c        0x4 c:/program files (x86)/atollic/truestudio for stm32 9.0.1/armtools/bin/../lib/gcc/arm-atollic-eabi/6.3.1/armv7e-m/fpu/fpv5-d16/crtbegin.o
                [!provide]                PROVIDE (__fini_array_end, .)
                0x08009b60                _sidata = LOADADDR (.data)

.data           0x20000000      0x228 load address 0x08009b60
                0x20000000                . = ALIGN (0x4)
                0x20000000                _sdata = .
 *(.data)
 *(.data*)
 .data.uwTickFreq
                0x20000000        0x1 Drivers\STM32F7xx_HAL_Driver\Src\stm32f7xx_hal.o
                0x20000000                uwTickFreq
 *fill*         0x20000001        0x3 
 .data.uwTickPrio
                0x20000004        0x4 Drivers\STM32F7xx_HAL_Driver\Src\stm32f7xx_hal.o
                0x20000004                uwTickPrio
 .data.fs       0x20000008        0x4 Src\dsp_control.o
                0x20000008                fs
 .data.lut      0x2000000c       0x10 Src\events.o
                0x2000000c                lut
 .data.t_debounce
                0x2000001c        0x2 Src\events.o
                0x2000001c                t_debounce
 *fill*         0x2000001e        0x2 
 .data.SystemCoreClock
                0x20000020        0x4 Src\system_stm32f7xx.o
                0x20000020                SystemCoreClock
 .data.s_notes  0x20000024       0x30 Src\tuner.o
                0x20000024                s_notes
 .data._impure_ptr
                0x20000054        0x4 c:/program files (x86)/atollic/truestudio for stm32 9.0.1/armtools/bin/../lib/gcc/arm-atollic-eabi/6.3.1/../../../../arm-atollic-eabi/lib/armv7e-m/fpu/fpv5-d16\libc_nano.a(lib_a-impure.o)
                0x20000054                _impure_ptr
 .data.impure_data
                0x20000058       0x60 c:/program files (x86)/atollic/truestudio for stm32 9.0.1/armtools/bin/../lib/gcc/arm-atollic-eabi/6.3.1/../../../../arm-atollic-eabi/lib/armv7e-m/fpu/fpv5-d16\libc_nano.a(lib_a-impure.o)
 .data.__global_locale
                0x200000b8      0x16c c:/program files (x86)/atollic/truestudio for stm32 9.0.1/armtools/bin/../lib/gcc/arm-atollic-eabi/6.3.1/../../../../arm-atollic-eabi/lib/armv7e-m/fpu/fpv5-d16\libc_nano.a(lib_a-locale.o)
                0x200000b8                __global_locale
 .data.__fdlib_version
                0x20000224        0x1 c:/program files (x86)/atollic/truestudio for stm32 9.0.1/armtools/bin/../lib/gcc/arm-atollic-eabi/6.3.1/../../../../arm-atollic-eabi/lib/armv7e-m/fpu/fpv5-d16\libm.a(lib_a-s_lib_ver.o)
                0x20000224                __fdlib_version
                0x20000228                . = ALIGN (0x4)
 *fill*         0x20000225        0x3 
                0x20000228                _edata = .

.igot.plt       0x20000228        0x0 load address 0x08009d88
 .igot.plt      0x20000228        0x0 c:/program files (x86)/atollic/truestudio for stm32 9.0.1/armtools/bin/../lib/gcc/arm-atollic-eabi/6.3.1/armv7e-m/fpu/fpv5-d16/crtbegin.o
                0x20000228                . = ALIGN (0x4)

.bss            0x20000228     0x1280 load address 0x08009d88
                0x20000228                _sbss = .
                0x20000228                __bss_start__ = _sbss
 *(.bss)
 .bss           0x20000228       0x1c c:/program files (x86)/atollic/truestudio for stm32 9.0.1/armtools/bin/../lib/gcc/arm-atollic-eabi/6.3.1/armv7e-m/fpu/fpv5-d16/crtbegin.o
 *(.bss*)
 .bss.init_success
                0x20000244        0x1 Src\GUI_control.o
                0x20000244                init_success
 .bss.mute_state
                0x20000245        0x1 Src\GUI_control.o
                0x20000245                mute_state
 .bss.ctr       0x20000246        0x1 Src\events.o
                0x20000246                ctr
 *fill*         0x20000247        0x1 
 .bss.heap_end.10865
                0x20000248        0x4 Src\syscalls.o
 .bss.__malloc_free_list
                0x2000024c        0x4 c:/program files (x86)/atollic/truestudio for stm32 9.0.1/armtools/bin/../lib/gcc/arm-atollic-eabi/6.3.1/../../../../arm-atollic-eabi/lib/armv7e-m/fpu/fpv5-d16\libc_nano.a(lib_a-nano-mallocr.o)
                0x2000024c                __malloc_free_list
 .bss.__malloc_sbrk_start
                0x20000250        0x4 c:/program files (x86)/atollic/truestudio for stm32 9.0.1/armtools/bin/../lib/gcc/arm-atollic-eabi/6.3.1/../../../../arm-atollic-eabi/lib/armv7e-m/fpu/fpv5-d16\libc_nano.a(lib_a-nano-mallocr.o)
                0x20000250                __malloc_sbrk_start
 *(COMMON)
 COMMON         0x20000254        0x4 Drivers\STM32F7xx_HAL_Driver\Src\stm32f7xx_hal.o
                0x20000254                uwTick
 COMMON         0x20000258      0xeb4 Src\GUI_control.o
                0x20000258                enc_GPIO_Pin
                0x20000268                active_color
                0x2000026a                val_offset_y
                0x2000026c                menu
                0x2000088c                w_l_thick
                0x20000890                ctrlreg_tx
                0x20000940                hspi5
                0x200009a4                huart3
                0x20000a14                but_offset
                0x20000a1c                hpcd_USB_OTG_FS
                0x20000e1c                hdma_spi5_rx
                0x20000e7c                w_l_thin
                0x20000e7e                ca_area_offset_y
                0x20000e80                htim3
                0x20000ec0                rot_offset
                0x20000ec8                hspi3
                0x20000f2c                desc_color
                0x20000f30                ctrlreg_rx
                0x20000fe0                LP_old
                0x20000fe4                CTRLNULL
                0x20000fe8                bank
                0x20000fec                hdma_spi5_tx
                0x2000104c                ca_area_offset_x
                0x2000104e                inactive_color
                0x20001050                htim2
                0x20001090                ctrl_tx
                0x200010a8                DSP_state
                0x200010b0                root2_12
                0x200010b8                but_GPIO_Pin
                0x200010c4                HP_old
                0x200010c8                val_color
                0x200010cc                enc_GPIO_Port
                0x200010ec                but_GPIO_Port
                0x20001104                desc_offset_y
                0x20001108                active_bits
 COMMON         0x2000110c        0xa Src\display.o
                0x2000110c                cursor_y
                0x2000110e                cursor_x
                0x20001110                textsize
                0x20001112                textbgcolor
                0x20001114                textcolor
 *fill*         0x20001116        0x2 
 COMMON         0x20001118       0x43 Src\events.o
                0x20001118                t_but_update
                0x20001119                key_debounced
                0x2000111f                t_enc_update
                0x20001120                enc_greycode
                0x20001124                enc
                0x2000112c                tuner_update_lock
                0x2000112d                release
                0x20001133                tnr_update
                0x20001134                P_LOCK
                0x20001135                UI_updated
                0x20001138                tic
                0x20001150                enc_fifo
                0x20001154                but
                0x2000115a                capture_status
 *fill*         0x2000115b        0x5 
 COMMON         0x20001160      0x344 Src\tuner.o
                0x20001160                cents
                0x20001168                note_bins
                0x200012f8                notes
                0x20001488                act_cent
                0x20001490                cnt
                0x20001494                note
                0x20001498                pot
                0x200014a0                act_note
 COMMON         0x200014a4        0x4 c:/program files (x86)/atollic/truestudio for stm32 9.0.1/armtools/bin/../lib/gcc/arm-atollic-eabi/6.3.1/../../../../arm-atollic-eabi/lib/armv7e-m/fpu/fpv5-d16\libc_nano.a(lib_a-reent.o)
                0x200014a4                errno
                0x200014a8                . = ALIGN (0x4)
                0x200014a8                _ebss = .
                0x200014a8                __bss_end__ = _ebss

._user_heap_stack
                0x200014a8      0x600 load address 0x08009d88
                0x200014a8                . = ALIGN (0x4)
                0x200014a8                PROVIDE (end, .)
                [!provide]                PROVIDE (_end, .)
                0x200016a8                . = (. + _Min_Heap_Size)
 *fill*         0x200014a8      0x200 
                0x20001aa8                . = (. + _Min_Stack_Size)
 *fill*         0x200016a8      0x400 
                0x20001aa8                . = ALIGN (0x4)

/DISCARD/
 libc.a(*)
 libm.a(*)
 libgcc.a(*)

.ARM.attributes
                0x00000000       0x2e
 *(.ARM.attributes)
 .ARM.attributes
                0x00000000       0x20 c:/program files (x86)/atollic/truestudio for stm32 9.0.1/armtools/bin/../lib/gcc/arm-atollic-eabi/6.3.1/armv7e-m/fpu/fpv5-d16/crti.o
 .ARM.attributes
                0x00000020       0x32 c:/program files (x86)/atollic/truestudio for stm32 9.0.1/armtools/bin/../lib/gcc/arm-atollic-eabi/6.3.1/armv7e-m/fpu/fpv5-d16/crtbegin.o
 .ARM.attributes
                0x00000052       0x37 Drivers\STM32F7xx_HAL_Driver\Src\stm32f7xx_hal.o
 .ARM.attributes
                0x00000089       0x37 Drivers\STM32F7xx_HAL_Driver\Src\stm32f7xx_hal_cortex.o
 .ARM.attributes
                0x000000c0       0x37 Drivers\STM32F7xx_HAL_Driver\Src\stm32f7xx_hal_dma.o
 .ARM.attributes
                0x000000f7       0x37 Drivers\STM32F7xx_HAL_Driver\Src\stm32f7xx_hal_gpio.o
 .ARM.attributes
                0x0000012e       0x37 Drivers\STM32F7xx_HAL_Driver\Src\stm32f7xx_hal_pwr.o
 .ARM.attributes
                0x00000165       0x37 Drivers\STM32F7xx_HAL_Driver\Src\stm32f7xx_hal_pwr_ex.o
 .ARM.attributes
                0x0000019c       0x37 Drivers\STM32F7xx_HAL_Driver\Src\stm32f7xx_hal_rcc.o
 .ARM.attributes
                0x000001d3       0x37 Drivers\STM32F7xx_HAL_Driver\Src\stm32f7xx_hal_rcc_ex.o
 .ARM.attributes
                0x0000020a       0x37 Drivers\STM32F7xx_HAL_Driver\Src\stm32f7xx_hal_spi.o
 .ARM.attributes
                0x00000241       0x37 Drivers\STM32F7xx_HAL_Driver\Src\stm32f7xx_hal_tim.o
 .ARM.attributes
                0x00000278       0x37 Drivers\STM32F7xx_HAL_Driver\Src\stm32f7xx_hal_tim_ex.o
 .ARM.attributes
                0x000002af       0x37 Src\GUI_control.o
 .ARM.attributes
                0x000002e6       0x37 Src\display.o
 .ARM.attributes
                0x0000031d       0x37 Src\dsp_control.o
 .ARM.attributes
                0x00000354       0x37 Src\events.o
 .ARM.attributes
                0x0000038b       0x37 Src\main.o
 .ARM.attributes
                0x000003c2       0x37 Src\stm32f7xx_hal_msp.o
 .ARM.attributes
                0x000003f9       0x37 Src\stm32f7xx_it.o
 .ARM.attributes
                0x00000430       0x37 Src\syscalls.o
 .ARM.attributes
                0x00000467       0x37 Src\system_stm32f7xx.o
 .ARM.attributes
                0x0000049e       0x37 Src\tuner.o
 .ARM.attributes
                0x000004d5       0x21 startup\startup_stm32f767xx.o
 .ARM.attributes
                0x000004f6       0x32 c:/program files (x86)/atollic/truestudio for stm32 9.0.1/armtools/bin/../lib/gcc/arm-atollic-eabi/6.3.1/../../../../arm-atollic-eabi/lib/armv7e-m/fpu/fpv5-d16\libc_nano.a(lib_a-init.o)
 .ARM.attributes
                0x00000528       0x32 c:/program files (x86)/atollic/truestudio for stm32 9.0.1/armtools/bin/../lib/gcc/arm-atollic-eabi/6.3.1/../../../../arm-atollic-eabi/lib/armv7e-m/fpu/fpv5-d16\libc_nano.a(lib_a-memcpy-stub.o)
 .ARM.attributes
                0x0000055a       0x32 c:/program files (x86)/atollic/truestudio for stm32 9.0.1/armtools/bin/../lib/gcc/arm-atollic-eabi/6.3.1/../../../../arm-atollic-eabi/lib/armv7e-m/fpu/fpv5-d16\libc_nano.a(lib_a-nano-vfprintf_float.o)
 .ARM.attributes
                0x0000058c       0x32 c:/program files (x86)/atollic/truestudio for stm32 9.0.1/armtools/bin/../lib/gcc/arm-atollic-eabi/6.3.1/../../../../arm-atollic-eabi/lib/armv7e-m/fpu/fpv5-d16\libc_nano.a(lib_a-nano-vfprintf_i.o)
 .ARM.attributes
                0x000005be       0x32 c:/program files (x86)/atollic/truestudio for stm32 9.0.1/armtools/bin/../lib/gcc/arm-atollic-eabi/6.3.1/../../../../arm-atollic-eabi/lib/armv7e-m/fpu/fpv5-d16\libc_nano.a(lib_a-printf.o)
 .ARM.attributes
                0x000005f0       0x32 c:/program files (x86)/atollic/truestudio for stm32 9.0.1/armtools/bin/../lib/gcc/arm-atollic-eabi/6.3.1/../../../../arm-atollic-eabi/lib/armv7e-m/fpu/fpv5-d16\libc_nano.a(lib_a-puts.o)
 .ARM.attributes
                0x00000622       0x32 c:/program files (x86)/atollic/truestudio for stm32 9.0.1/armtools/bin/../lib/gcc/arm-atollic-eabi/6.3.1/../../../../arm-atollic-eabi/lib/armv7e-m/fpu/fpv5-d16\libc_nano.a(lib_a-reent.o)
 .ARM.attributes
                0x00000654       0x32 c:/program files (x86)/atollic/truestudio for stm32 9.0.1/armtools/bin/../lib/gcc/arm-atollic-eabi/6.3.1/../../../../arm-atollic-eabi/lib/armv7e-m/fpu/fpv5-d16\libc_nano.a(lib_a-sprintf.o)
 .ARM.attributes
                0x00000686       0x32 c:/program files (x86)/atollic/truestudio for stm32 9.0.1/armtools/bin/../lib/gcc/arm-atollic-eabi/6.3.1/../../../../arm-atollic-eabi/lib/armv7e-m/fpu/fpv5-d16\libc_nano.a(lib_a-strcpy.o)
 .ARM.attributes
                0x000006b8       0x19 c:/program files (x86)/atollic/truestudio for stm32 9.0.1/armtools/bin/../lib/gcc/arm-atollic-eabi/6.3.1/../../../../arm-atollic-eabi/lib/armv7e-m/fpu/fpv5-d16\libc_nano.a(lib_a-strlen.o)
 .ARM.attributes
                0x000006d1       0x32 c:/program files (x86)/atollic/truestudio for stm32 9.0.1/armtools/bin/../lib/gcc/arm-atollic-eabi/6.3.1/../../../../arm-atollic-eabi/lib/armv7e-m/fpu/fpv5-d16\libc_nano.a(lib_a-wbuf.o)
 .ARM.attributes
                0x00000703       0x32 c:/program files (x86)/atollic/truestudio for stm32 9.0.1/armtools/bin/../lib/gcc/arm-atollic-eabi/6.3.1/../../../../arm-atollic-eabi/lib/armv7e-m/fpu/fpv5-d16\libc_nano.a(lib_a-wsetup.o)
 .ARM.attributes
                0x00000735       0x32 c:/program files (x86)/atollic/truestudio for stm32 9.0.1/armtools/bin/../lib/gcc/arm-atollic-eabi/6.3.1/../../../../arm-atollic-eabi/lib/armv7e-m/fpu/fpv5-d16\libc_nano.a(lib_a-dtoa.o)
 .ARM.attributes
                0x00000767       0x32 c:/program files (x86)/atollic/truestudio for stm32 9.0.1/armtools/bin/../lib/gcc/arm-atollic-eabi/6.3.1/../../../../arm-atollic-eabi/lib/armv7e-m/fpu/fpv5-d16\libc_nano.a(lib_a-fflush.o)
 .ARM.attributes
                0x00000799       0x32 c:/program files (x86)/atollic/truestudio for stm32 9.0.1/armtools/bin/../lib/gcc/arm-atollic-eabi/6.3.1/../../../../arm-atollic-eabi/lib/armv7e-m/fpu/fpv5-d16\libc_nano.a(lib_a-findfp.o)
 .ARM.attributes
                0x000007cb       0x32 c:/program files (x86)/atollic/truestudio for stm32 9.0.1/armtools/bin/../lib/gcc/arm-atollic-eabi/6.3.1/../../../../arm-atollic-eabi/lib/armv7e-m/fpu/fpv5-d16\libc_nano.a(lib_a-fwalk.o)
 .ARM.attributes
                0x000007fd       0x32 c:/program files (x86)/atollic/truestudio for stm32 9.0.1/armtools/bin/../lib/gcc/arm-atollic-eabi/6.3.1/../../../../arm-atollic-eabi/lib/armv7e-m/fpu/fpv5-d16\libc_nano.a(lib_a-impure.o)
 .ARM.attributes
                0x0000082f       0x32 c:/program files (x86)/atollic/truestudio for stm32 9.0.1/armtools/bin/../lib/gcc/arm-atollic-eabi/6.3.1/../../../../arm-atollic-eabi/lib/armv7e-m/fpu/fpv5-d16\libc_nano.a(lib_a-localeconv.o)
 .ARM.attributes
                0x00000861       0x32 c:/program files (x86)/atollic/truestudio for stm32 9.0.1/armtools/bin/../lib/gcc/arm-atollic-eabi/6.3.1/../../../../arm-atollic-eabi/lib/armv7e-m/fpu/fpv5-d16\libc_nano.a(lib_a-makebuf.o)
 .ARM.attributes
                0x00000893       0x32 c:/program files (x86)/atollic/truestudio for stm32 9.0.1/armtools/bin/../lib/gcc/arm-atollic-eabi/6.3.1/../../../../arm-atollic-eabi/lib/armv7e-m/fpu/fpv5-d16\libc_nano.a(lib_a-malloc.o)
 .ARM.attributes
                0x000008c5       0x1e c:/program files (x86)/atollic/truestudio for stm32 9.0.1/armtools/bin/../lib/gcc/arm-atollic-eabi/6.3.1/../../../../arm-atollic-eabi/lib/armv7e-m/fpu/fpv5-d16\libc_nano.a(lib_a-memchr.o)
 .ARM.attributes
                0x000008e3       0x32 c:/program files (x86)/atollic/truestudio for stm32 9.0.1/armtools/bin/../lib/gcc/arm-atollic-eabi/6.3.1/../../../../arm-atollic-eabi/lib/armv7e-m/fpu/fpv5-d16\libc_nano.a(lib_a-memset.o)
 .ARM.attributes
                0x00000915       0x32 c:/program files (x86)/atollic/truestudio for stm32 9.0.1/armtools/bin/../lib/gcc/arm-atollic-eabi/6.3.1/../../../../arm-atollic-eabi/lib/armv7e-m/fpu/fpv5-d16\libc_nano.a(lib_a-mprec.o)
 .ARM.attributes
                0x00000947       0x32 c:/program files (x86)/atollic/truestudio for stm32 9.0.1/armtools/bin/../lib/gcc/arm-atollic-eabi/6.3.1/../../../../arm-atollic-eabi/lib/armv7e-m/fpu/fpv5-d16\libc_nano.a(lib_a-nano-callocr.o)
 .ARM.attributes
                0x00000979       0x32 c:/program files (x86)/atollic/truestudio for stm32 9.0.1/armtools/bin/../lib/gcc/arm-atollic-eabi/6.3.1/../../../../arm-atollic-eabi/lib/armv7e-m/fpu/fpv5-d16\libc_nano.a(lib_a-nano-freer.o)
 .ARM.attributes
                0x000009ab       0x32 c:/program files (x86)/atollic/truestudio for stm32 9.0.1/armtools/bin/../lib/gcc/arm-atollic-eabi/6.3.1/../../../../arm-atollic-eabi/lib/armv7e-m/fpu/fpv5-d16\libc_nano.a(lib_a-nano-mallocr.o)
 .ARM.attributes
                0x000009dd       0x32 c:/program files (x86)/atollic/truestudio for stm32 9.0.1/armtools/bin/../lib/gcc/arm-atollic-eabi/6.3.1/../../../../arm-atollic-eabi/lib/armv7e-m/fpu/fpv5-d16\libc_nano.a(lib_a-nano-svfprintf.o)
 .ARM.attributes
                0x00000a0f       0x32 c:/program files (x86)/atollic/truestudio for stm32 9.0.1/armtools/bin/../lib/gcc/arm-atollic-eabi/6.3.1/../../../../arm-atollic-eabi/lib/armv7e-m/fpu/fpv5-d16\libc_nano.a(lib_a-nano-vfprintf.o)
 .ARM.attributes
                0x00000a41       0x32 c:/program files (x86)/atollic/truestudio for stm32 9.0.1/armtools/bin/../lib/gcc/arm-atollic-eabi/6.3.1/../../../../arm-atollic-eabi/lib/armv7e-m/fpu/fpv5-d16\libc_nano.a(lib_a-sbrkr.o)
 .ARM.attributes
                0x00000a73       0x32 c:/program files (x86)/atollic/truestudio for stm32 9.0.1/armtools/bin/../lib/gcc/arm-atollic-eabi/6.3.1/../../../../arm-atollic-eabi/lib/armv7e-m/fpu/fpv5-d16\libc_nano.a(lib_a-stdio.o)
 .ARM.attributes
                0x00000aa5       0x32 c:/program files (x86)/atollic/truestudio for stm32 9.0.1/armtools/bin/../lib/gcc/arm-atollic-eabi/6.3.1/../../../../arm-atollic-eabi/lib/armv7e-m/fpu/fpv5-d16\libc_nano.a(lib_a-writer.o)
 .ARM.attributes
                0x00000ad7       0x32 c:/program files (x86)/atollic/truestudio for stm32 9.0.1/armtools/bin/../lib/gcc/arm-atollic-eabi/6.3.1/../../../../arm-atollic-eabi/lib/armv7e-m/fpu/fpv5-d16\libc_nano.a(lib_a-closer.o)
 .ARM.attributes
                0x00000b09       0x32 c:/program files (x86)/atollic/truestudio for stm32 9.0.1/armtools/bin/../lib/gcc/arm-atollic-eabi/6.3.1/../../../../arm-atollic-eabi/lib/armv7e-m/fpu/fpv5-d16\libc_nano.a(lib_a-fstatr.o)
 .ARM.attributes
                0x00000b3b       0x32 c:/program files (x86)/atollic/truestudio for stm32 9.0.1/armtools/bin/../lib/gcc/arm-atollic-eabi/6.3.1/../../../../arm-atollic-eabi/lib/armv7e-m/fpu/fpv5-d16\libc_nano.a(lib_a-isattyr.o)
 .ARM.attributes
                0x00000b6d       0x32 c:/program files (x86)/atollic/truestudio for stm32 9.0.1/armtools/bin/../lib/gcc/arm-atollic-eabi/6.3.1/../../../../arm-atollic-eabi/lib/armv7e-m/fpu/fpv5-d16\libc_nano.a(lib_a-locale.o)
 .ARM.attributes
                0x00000b9f       0x32 c:/program files (x86)/atollic/truestudio for stm32 9.0.1/armtools/bin/../lib/gcc/arm-atollic-eabi/6.3.1/../../../../arm-atollic-eabi/lib/armv7e-m/fpu/fpv5-d16\libc_nano.a(lib_a-lseekr.o)
 .ARM.attributes
                0x00000bd1       0x32 c:/program files (x86)/atollic/truestudio for stm32 9.0.1/armtools/bin/../lib/gcc/arm-atollic-eabi/6.3.1/../../../../arm-atollic-eabi/lib/armv7e-m/fpu/fpv5-d16\libc_nano.a(lib_a-mbtowc_r.o)
 .ARM.attributes
                0x00000c03       0x32 c:/program files (x86)/atollic/truestudio for stm32 9.0.1/armtools/bin/../lib/gcc/arm-atollic-eabi/6.3.1/../../../../arm-atollic-eabi/lib/armv7e-m/fpu/fpv5-d16\libc_nano.a(lib_a-memmove.o)
 .ARM.attributes
                0x00000c35       0x32 c:/program files (x86)/atollic/truestudio for stm32 9.0.1/armtools/bin/../lib/gcc/arm-atollic-eabi/6.3.1/../../../../arm-atollic-eabi/lib/armv7e-m/fpu/fpv5-d16\libc_nano.a(lib_a-mlock.o)
 .ARM.attributes
                0x00000c67       0x32 c:/program files (x86)/atollic/truestudio for stm32 9.0.1/armtools/bin/../lib/gcc/arm-atollic-eabi/6.3.1/../../../../arm-atollic-eabi/lib/armv7e-m/fpu/fpv5-d16\libc_nano.a(lib_a-nano-reallocr.o)
 .ARM.attributes
                0x00000c99       0x32 c:/program files (x86)/atollic/truestudio for stm32 9.0.1/armtools/bin/../lib/gcc/arm-atollic-eabi/6.3.1/../../../../arm-atollic-eabi/lib/armv7e-m/fpu/fpv5-d16\libc_nano.a(lib_a-readr.o)
 .ARM.attributes
                0x00000ccb       0x32 c:/program files (x86)/atollic/truestudio for stm32 9.0.1/armtools/bin/../lib/gcc/arm-atollic-eabi/6.3.1/../../../../arm-atollic-eabi/lib/armv7e-m/fpu/fpv5-d16\libc_nano.a(lib_a-wctomb_r.o)
 .ARM.attributes
                0x00000cfd       0x32 c:/program files (x86)/atollic/truestudio for stm32 9.0.1/armtools/bin/../lib/gcc/arm-atollic-eabi/6.3.1/../../../../arm-atollic-eabi/lib/armv7e-m/fpu/fpv5-d16\libc_nano.a(lib_a-ctype_.o)
 .ARM.attributes
                0x00000d2f       0x32 c:/program files (x86)/atollic/truestudio for stm32 9.0.1/armtools/bin/../lib/gcc/arm-atollic-eabi/6.3.1/../../../../arm-atollic-eabi/lib/armv7e-m/fpu/fpv5-d16\libc_nano.a(lib_a-nano-msizer.o)
 .ARM.attributes
                0x00000d61       0x32 c:/program files (x86)/atollic/truestudio for stm32 9.0.1/armtools/bin/../lib/gcc/arm-atollic-eabi/6.3.1/../../../../arm-atollic-eabi/lib/armv7e-m/fpu/fpv5-d16\libm.a(lib_a-s_cos.o)
 .ARM.attributes
                0x00000d93       0x32 c:/program files (x86)/atollic/truestudio for stm32 9.0.1/armtools/bin/../lib/gcc/arm-atollic-eabi/6.3.1/../../../../arm-atollic-eabi/lib/armv7e-m/fpu/fpv5-d16\libm.a(lib_a-s_sin.o)
 .ARM.attributes
                0x00000dc5       0x32 c:/program files (x86)/atollic/truestudio for stm32 9.0.1/armtools/bin/../lib/gcc/arm-atollic-eabi/6.3.1/../../../../arm-atollic-eabi/lib/armv7e-m/fpu/fpv5-d16\libm.a(lib_a-w_log.o)
 .ARM.attributes
                0x00000df7       0x32 c:/program files (x86)/atollic/truestudio for stm32 9.0.1/armtools/bin/../lib/gcc/arm-atollic-eabi/6.3.1/../../../../arm-atollic-eabi/lib/armv7e-m/fpu/fpv5-d16\libm.a(lib_a-w_pow.o)
 .ARM.attributes
                0x00000e29       0x32 c:/program files (x86)/atollic/truestudio for stm32 9.0.1/armtools/bin/../lib/gcc/arm-atollic-eabi/6.3.1/../../../../arm-atollic-eabi/lib/armv7e-m/fpu/fpv5-d16\libm.a(lib_a-w_sqrt.o)
 .ARM.attributes
                0x00000e5b       0x32 c:/program files (x86)/atollic/truestudio for stm32 9.0.1/armtools/bin/../lib/gcc/arm-atollic-eabi/6.3.1/../../../../arm-atollic-eabi/lib/armv7e-m/fpu/fpv5-d16\libm.a(lib_a-e_log.o)
 .ARM.attributes
                0x00000e8d       0x32 c:/program files (x86)/atollic/truestudio for stm32 9.0.1/armtools/bin/../lib/gcc/arm-atollic-eabi/6.3.1/../../../../arm-atollic-eabi/lib/armv7e-m/fpu/fpv5-d16\libm.a(lib_a-e_pow.o)
 .ARM.attributes
                0x00000ebf       0x32 c:/program files (x86)/atollic/truestudio for stm32 9.0.1/armtools/bin/../lib/gcc/arm-atollic-eabi/6.3.1/../../../../arm-atollic-eabi/lib/armv7e-m/fpu/fpv5-d16\libm.a(lib_a-e_rem_pio2.o)
 .ARM.attributes