GUI_control.c:71:7:update_encoder_item	8	static
GUI_control.c:84:6:update_encoder_value	32	static
GUI_control.c:96:6:update_button_value	24	static
GUI_control.c:522:6:update_display	0	static
GUI_control.c:526:5:modulo	0	static
GUI_control.c:584:10:update_active_bits	8	static
GUI_control.c:725:6:init_tuner	16	static
GUI_control.c:742:6:update_led	0	static
GUI_control.c:679:6:toggle_dsp	8	static
GUI_control.c:755:7:vol2logvol	8	static
GUI_control.c:560:6:update_settings	8	static
GUI_control.c:532:6:update_dsp	16	static
GUI_control.c:598:6:init_settings	1592	static
GUI_control.c:759:6:save_settings_nv	8	static
GUI_control.c:479:6:update_context	32	static
GUI_control.c:119:6:update_ui_context	0	static
GUI_control.c:125:6:init_menu	80	static
GUI_control.c:732:6:deinit_tuner	16	static
GUI_control.c:702:6:toggle_mute	16	static
GUI_control.c:787:6:send_update	20	static
GUI_control.c:31:6:update_encoder	32	static
GUI_control.c:47:6:update_button	40	static
