stm32f7xx_hal_spi.c:3411:26:SPI_WaitFifoStateUntilTimeout.part.1	0	static
stm32f7xx_hal_spi.c:3359:26:SPI_WaitFlagStateUntilTimeout.constprop	16	static
stm32f7xx_hal_spi.c:3411:26:SPI_WaitFifoStateUntilTimeout.constprop	32	static
stm32f7xx_hal_spi.c:3672:13:SPI_AbortRx_ISR	16	static
stm32f7xx_hal_spi.c:3505:26:SPI_EndRxTxTransaction	16	static
stm32f7xx_hal_spi.c:3714:13:SPI_AbortTx_ISR	16	static
stm32f7xx_hal_spi.c:3470:26:SPI_EndRxTransaction	24	static
stm32f7xx_hal_spi.c:425:13:HAL_SPI_MspInit	0	static
stm32f7xx_hal_spi.c:263:19:HAL_SPI_Init	16	static
stm32f7xx_hal_spi.c:441:13:HAL_SPI_MspDeInit	0	static
stm32f7xx_hal_spi.c:391:19:HAL_SPI_DeInit	8	static
stm32f7xx_hal_spi.c:497:19:HAL_SPI_Transmit	32	static
stm32f7xx_hal_spi.c:886:19:HAL_SPI_TransmitReceive	32	static
stm32f7xx_hal_spi.c:655:19:HAL_SPI_Receive	32	static
stm32f7xx_hal_spi.c:1168:19:HAL_SPI_Transmit_IT	16	static
stm32f7xx_hal_spi.c:1363:19:HAL_SPI_TransmitReceive_IT	12	static
stm32f7xx_hal_spi.c:1258:19:HAL_SPI_Receive_IT	12	static
stm32f7xx_hal_spi.c:1470:19:HAL_SPI_Transmit_DMA	16	static
stm32f7xx_hal_spi.c:1705:19:HAL_SPI_TransmitReceive_DMA	16	static
stm32f7xx_hal_spi.c:1588:19:HAL_SPI_Receive_DMA	16	static
stm32f7xx_hal_spi.c:1872:19:HAL_SPI_Abort	24	static
stm32f7xx_hal_spi.c:2186:19:HAL_SPI_DMAPause	0	static
stm32f7xx_hal_spi.c:2206:19:HAL_SPI_DMAResume	0	static
stm32f7xx_hal_spi.c:2226:19:HAL_SPI_DMAStop	8	static
stm32f7xx_hal_spi.c:2356:13:HAL_SPI_TxCpltCallback	0	static
stm32f7xx_hal_spi.c:2373:13:HAL_SPI_RxCpltCallback	0	static
stm32f7xx_hal_spi.c:2389:13:HAL_SPI_TxRxCpltCallback	0	static
stm32f7xx_hal_spi.c:2405:13:HAL_SPI_TxHalfCpltCallback	0	static
stm32f7xx_hal_spi.c:2768:13:SPI_DMAHalfTransmitCplt	8	static
stm32f7xx_hal_spi.c:2421:13:HAL_SPI_RxHalfCpltCallback	0	static
stm32f7xx_hal_spi.c:2781:13:SPI_DMAHalfReceiveCplt	8	static
stm32f7xx_hal_spi.c:2437:13:HAL_SPI_TxRxHalfCpltCallback	0	static
stm32f7xx_hal_spi.c:2794:13:SPI_DMAHalfTransmitReceiveCplt	8	static
stm32f7xx_hal_spi.c:2453:13:HAL_SPI_ErrorCallback	0	static
stm32f7xx_hal_spi.c:3633:13:SPI_CloseTx_ISR	16	static
stm32f7xx_hal_spi.c:3303:13:SPI_TxISR_8BIT	8	static
stm32f7xx_hal_spi.c:3329:13:SPI_TxISR_16BIT	4	static
stm32f7xx_hal_spi.c:3591:13:SPI_CloseRx_ISR	8	static
stm32f7xx_hal_spi.c:3214:13:SPI_RxISR_8BIT	0	static
stm32f7xx_hal_spi.c:3270:13:SPI_RxISR_16BIT	0	static
stm32f7xx_hal_spi.c:3534:13:SPI_CloseRxTx_ISR	8	static
stm32f7xx_hal_spi.c:3047:13:SPI_2linesTxISR_8BIT	0	static
stm32f7xx_hal_spi.c:2965:13:SPI_2linesRxISR_8BIT	0	static
stm32f7xx_hal_spi.c:3151:13:SPI_2linesTxISR_16BIT	4	static
stm32f7xx_hal_spi.c:3093:13:SPI_2linesRxISR_16BIT	4	static
stm32f7xx_hal_spi.c:2807:13:SPI_DMAError	8	static
stm32f7xx_hal_spi.c:2543:13:SPI_DMATransmitCplt	24	static
stm32f7xx_hal_spi.c:2592:13:SPI_DMAReceiveCplt	16	static
stm32f7xx_hal_spi.c:2683:13:SPI_DMATransmitReceiveCplt	16	static
stm32f7xx_hal_spi.c:2257:6:HAL_SPI_IRQHandler	32	static
stm32f7xx_hal_spi.c:2825:13:SPI_DMAAbortOnError	8	static
stm32f7xx_hal_spi.c:2471:13:HAL_SPI_AbortCpltCallback	0	static
stm32f7xx_hal_spi.c:2011:19:HAL_SPI_Abort_IT	24	static
stm32f7xx_hal_spi.c:2904:13:SPI_DMARxAbortCallback	16	static
stm32f7xx_hal_spi.c:2842:13:SPI_DMATxAbortCallback	16	static
stm32f7xx_hal_spi.c:2506:22:HAL_SPI_GetState	0	static
stm32f7xx_hal_spi.c:2518:10:HAL_SPI_GetError	0	static
