stm32f7xx_hal_tim.c:5931:13:TIM_TI1_ConfigInputStage	8	static
stm32f7xx_hal_tim.c:6014:13:TIM_TI2_ConfigInputStage	8	static
stm32f7xx_hal_tim.c:346:13:HAL_TIM_Base_MspInit	0	static
stm32f7xx_hal_tim.c:362:13:HAL_TIM_Base_MspDeInit	0	static
stm32f7xx_hal_tim.c:309:19:HAL_TIM_Base_DeInit	8	static
stm32f7xx_hal_tim.c:378:19:HAL_TIM_Base_Start	0	static
stm32f7xx_hal_tim.c:402:19:HAL_TIM_Base_Stop	0	static
stm32f7xx_hal_tim.c:426:19:HAL_TIM_Base_Start_IT	0	static
stm32f7xx_hal_tim.c:447:19:HAL_TIM_Base_Stop_IT	0	static
stm32f7xx_hal_tim.c:469:19:HAL_TIM_Base_Start_DMA	8	static
stm32f7xx_hal_tim.c:514:19:HAL_TIM_Base_Stop_DMA	0	static
stm32f7xx_hal_tim.c:653:13:HAL_TIM_OC_MspInit	0	static
stm32f7xx_hal_tim.c:669:13:HAL_TIM_OC_MspDeInit	0	static
stm32f7xx_hal_tim.c:616:19:HAL_TIM_OC_DeInit	8	static
stm32f7xx_hal_tim.c:1190:13:HAL_TIM_PWM_MspInit	0	static
stm32f7xx_hal_tim.c:1206:13:HAL_TIM_PWM_MspDeInit	0	static
stm32f7xx_hal_tim.c:1153:19:HAL_TIM_PWM_DeInit	8	static
stm32f7xx_hal_tim.c:1731:13:HAL_TIM_IC_MspInit	0	static
stm32f7xx_hal_tim.c:1747:13:HAL_TIM_IC_MspDeInit	0	static
stm32f7xx_hal_tim.c:1694:19:HAL_TIM_IC_DeInit	8	static
stm32f7xx_hal_tim.c:2245:13:HAL_TIM_OnePulse_MspInit	0	static
stm32f7xx_hal_tim.c:2261:13:HAL_TIM_OnePulse_MspDeInit	0	static
stm32f7xx_hal_tim.c:2208:19:HAL_TIM_OnePulse_DeInit	8	static
stm32f7xx_hal_tim.c:2281:19:HAL_TIM_OnePulse_Start	0	static
stm32f7xx_hal_tim.c:2318:19:HAL_TIM_OnePulse_Stop	0	static
stm32f7xx_hal_tim.c:2355:19:HAL_TIM_OnePulse_Start_IT	0	static
stm32f7xx_hal_tim.c:2398:19:HAL_TIM_OnePulse_Stop_IT	0	static
stm32f7xx_hal_tim.c:2604:13:HAL_TIM_Encoder_MspInit	0	static
stm32f7xx_hal_tim.c:2620:13:HAL_TIM_Encoder_MspDeInit	0	static
stm32f7xx_hal_tim.c:2567:19:HAL_TIM_Encoder_DeInit	8	static
stm32f7xx_hal_tim.c:2641:19:HAL_TIM_Encoder_Start	0	static
stm32f7xx_hal_tim.c:2684:19:HAL_TIM_Encoder_Stop	0	static
stm32f7xx_hal_tim.c:2728:19:HAL_TIM_Encoder_Start_IT	0	static
stm32f7xx_hal_tim.c:2780:19:HAL_TIM_Encoder_Stop_IT	0	static
stm32f7xx_hal_tim.c:2835:19:HAL_TIM_Encoder_Start_DMA	24	static
stm32f7xx_hal_tim.c:2953:19:HAL_TIM_Encoder_Stop_DMA	0	static
stm32f7xx_hal_tim.c:3653:19:HAL_TIM_DMABurst_WriteStart	24	static
stm32f7xx_hal_tim.c:3878:19:HAL_TIM_DMABurst_ReadStart	24	static
stm32f7xx_hal_tim.c:4011:19:HAL_TIM_DMABurst_ReadStop	16	static
stm32f7xx_hal_tim.c:3785:19:HAL_TIM_DMABurst_WriteStop	0	static
stm32f7xx_hal_tim.c:4085:19:HAL_TIM_GenerateEvent	0	static
stm32f7xx_hal_tim.c:4383:19:HAL_TIM_ConfigTI1Input	0	static
stm32f7xx_hal_tim.c:4602:10:HAL_TIM_ReadCapturedValue	0	static
stm32f7xx_hal_tim.c:4692:13:HAL_TIM_PeriodElapsedCallback	0	static
stm32f7xx_hal_tim.c:5399:13:TIM_DMAPeriodElapsedCplt	8	static
stm32f7xx_hal_tim.c:4708:13:HAL_TIM_OC_DelayElapsedCallback	0	static
stm32f7xx_hal_tim.c:4723:13:HAL_TIM_IC_CaptureCallback	0	static
stm32f7xx_hal_tim.c:5362:6:TIM_DMACaptureCplt	8	static
stm32f7xx_hal_tim.c:4739:13:HAL_TIM_PWM_PulseFinishedCallback	0	static
stm32f7xx_hal_tim.c:5326:6:TIM_DMADelayPulseCplt	8	static
stm32f7xx_hal_tim.c:4755:13:HAL_TIM_TriggerCallback	0	static
stm32f7xx_hal_tim.c:3016:6:HAL_TIM_IRQHandler	8	static
stm32f7xx_hal_tim.c:5417:13:TIM_DMATriggerCplt	8	static
stm32f7xx_hal_tim.c:4771:13:HAL_TIM_ErrorCallback	0	static
stm32f7xx_hal_tim.c:5308:6:TIM_DMAError	8	static
stm32f7xx_hal_tim.c:5238:22:HAL_TIM_Base_GetState	0	static
stm32f7xx_hal_tim.c:5249:22:HAL_TIM_OC_GetState	0	static
stm32f7xx_hal_tim.c:5260:22:HAL_TIM_PWM_GetState	0	static
stm32f7xx_hal_tim.c:5271:22:HAL_TIM_IC_GetState	0	static
stm32f7xx_hal_tim.c:5282:22:HAL_TIM_OnePulse_GetState	0	static
stm32f7xx_hal_tim.c:5293:22:HAL_TIM_Encoder_GetState	0	static
stm32f7xx_hal_tim.c:5435:6:TIM_Base_SetConfig	0	static
stm32f7xx_hal_tim.c:257:19:HAL_TIM_Base_Init	8	static
stm32f7xx_hal_tim.c:564:19:HAL_TIM_OC_Init	8	static
stm32f7xx_hal_tim.c:1101:19:HAL_TIM_PWM_Init	8	static
stm32f7xx_hal_tim.c:1641:19:HAL_TIM_IC_Init	8	static
stm32f7xx_hal_tim.c:2148:19:HAL_TIM_OnePulse_Init	16	static
stm32f7xx_hal_tim.c:2462:19:HAL_TIM_Encoder_Init	24	static
stm32f7xx_hal_tim.c:5483:6:TIM_OC1_SetConfig	16	static
stm32f7xx_hal_tim.c:5548:6:TIM_OC2_SetConfig	16	static
stm32f7xx_hal_tim.c:5615:6:TIM_OC3_SetConfig	16	static
stm32f7xx_hal_tim.c:5681:6:TIM_OC4_SetConfig	12	static
stm32f7xx_hal_tim.c:3248:26:HAL_TIM_OC_ConfigChannel	16	static
stm32f7xx_hal_tim.c:3415:26:HAL_TIM_PWM_ConfigChannel	16	static
stm32f7xx_hal_tim.c:5884:6:TIM_TI1_SetConfig	16	static
stm32f7xx_hal_tim.c:3318:19:HAL_TIM_IC_ConfigChannel	24	static
stm32f7xx_hal_tim.c:3516:19:HAL_TIM_OnePulse_ConfigChannel	48	static
stm32f7xx_hal_tim.c:6179:6:TIM_ETR_SetConfig	8	static
stm32f7xx_hal_tim.c:4123:26:HAL_TIM_ConfigOCrefClear	16	static
stm32f7xx_hal_tim.c:4227:19:HAL_TIM_ConfigClockSource	8	static
stm32f7xx_hal_tim.c:4416:19:HAL_TIM_SlaveConfigSynchronization	16	static
stm32f7xx_hal_tim.c:4563:19:HAL_TIM_SlaveConfigSynchronization_IT	16	static
stm32f7xx_hal_tim.c:6209:6:TIM_CCxChannelCmd	8	static
stm32f7xx_hal_tim.c:724:19:HAL_TIM_OC_Stop	8	static
stm32f7xx_hal_tim.c:1228:19:HAL_TIM_PWM_Start	8	static
stm32f7xx_hal_tim.c:691:19:HAL_TIM_OC_Start	0	static
stm32f7xx_hal_tim.c:1261:19:HAL_TIM_PWM_Stop	8	static
stm32f7xx_hal_tim.c:1297:19:HAL_TIM_PWM_Start_IT	8	static
stm32f7xx_hal_tim.c:757:19:HAL_TIM_OC_Start_IT	0	static
stm32f7xx_hal_tim.c:1364:19:HAL_TIM_PWM_Stop_IT	8	static
stm32f7xx_hal_tim.c:824:19:HAL_TIM_OC_Stop_IT	0	static
stm32f7xx_hal_tim.c:1433:19:HAL_TIM_PWM_Start_DMA	16	static
stm32f7xx_hal_tim.c:893:19:HAL_TIM_OC_Start_DMA	0	static
stm32f7xx_hal_tim.c:1551:19:HAL_TIM_PWM_Stop_DMA	8	static
stm32f7xx_hal_tim.c:1011:19:HAL_TIM_OC_Stop_DMA	0	static
stm32f7xx_hal_tim.c:1769:19:HAL_TIM_IC_Start	8	static
stm32f7xx_hal_tim.c:1796:19:HAL_TIM_IC_Stop	8	static
stm32f7xx_hal_tim.c:1823:19:HAL_TIM_IC_Start_IT	8	static
stm32f7xx_hal_tim.c:1883:19:HAL_TIM_IC_Stop_IT	8	static
stm32f7xx_hal_tim.c:1946:19:HAL_TIM_IC_Start_DMA	16	static
stm32f7xx_hal_tim.c:2060:19:HAL_TIM_IC_Stop_DMA	8	static
